Component: ARM Compiler 5.06 update 6 (build 750) Tool: armlink [4d35ed]

==============================================================================

Section Cross References

    main.o(i.main) refers to system.o(i.Init_Devices) for Init_Devices
    main.o(i.main) refers to can.o(i.CAN1_Send_Msg) for CAN1_Send_Msg
    main.o(i.main) refers to gps.o(i.GPS_Handle) for GPS_Handle
    main.o(i.main) refers to compass.o(i.QMC_Handle) for QMC_Handle
    main.o(i.main) refers to barometer.o(i.BAROMETER_Handle) for BAROMETER_Handle
    main.o(i.main) refers to sys.o(i.delay_ms) for delay_ms
    main.o(i.main) refers to main.o(.data) for Message
    stm32f10x_it.o(i.SysTick_Handler) refers to system.o(.data) for runtimes
    stm32f10x_it.o(i.USART1_IRQHandler) refers to stm32f10x_usart.o(i.USART_GetITStatus) for USART_GetITStatus
    stm32f10x_it.o(i.USART1_IRQHandler) refers to stm32f10x_usart.o(i.USART_ReceiveData) for USART_ReceiveData
    stm32f10x_it.o(i.USART1_IRQHandler) refers to stm32f10x_usart.o(i.USART_ClearITPendingBit) for USART_ClearITPendingBit
    stm32f10x_it.o(i.USART1_IRQHandler) refers to gps.o(.data) for GPS_RecDataIndex
    stm32f10x_it.o(i.USART1_IRQHandler) refers to gps.o(.bss) for GPS_ReceiveBuffer
    stm32f10x_it.o(i.USART2_IRQHandler) refers to stm32f10x_usart.o(i.USART_GetITStatus) for USART_GetITStatus
    stm32f10x_it.o(i.USART2_IRQHandler) refers to stm32f10x_usart.o(i.USART_ReceiveData) for USART_ReceiveData
    stm32f10x_it.o(i.USART2_IRQHandler) refers to stm32f10x_usart.o(i.USART_ClearITPendingBit) for USART_ClearITPendingBit
    system_stm32f10x.o(i.SetSysClock) refers to system_stm32f10x.o(i.SetSysClockTo72) for SetSysClockTo72
    system_stm32f10x.o(i.SystemCoreClockUpdate) refers to system_stm32f10x.o(.data) for SystemCoreClock
    system_stm32f10x.o(i.SystemInit) refers to system_stm32f10x.o(i.SetSysClock) for SetSysClock
    i2c1.o(i.I2C_Ack) refers to i2c1.o(i.I2C_SDAMode) for I2C_SDAMode
    i2c1.o(i.I2C_Ack) refers to stm32f10x_gpio.o(i.GPIO_WriteBit) for GPIO_WriteBit
    i2c1.o(i.I2C_Ack) refers to sys.o(i.delay_us) for delay_us
    i2c1.o(i.I2C_NAck) refers to i2c1.o(i.I2C_SDAMode) for I2C_SDAMode
    i2c1.o(i.I2C_NAck) refers to stm32f10x_gpio.o(i.GPIO_WriteBit) for GPIO_WriteBit
    i2c1.o(i.I2C_NAck) refers to sys.o(i.delay_us) for delay_us
    i2c1.o(i.I2C_ReadBuff) refers to i2c1.o(i.I2C_Start) for I2C_Start
    i2c1.o(i.I2C_ReadBuff) refers to i2c1.o(i.I2C_WriteByte) for I2C_WriteByte
    i2c1.o(i.I2C_ReadBuff) refers to i2c1.o(i.I2C_ReadByte) for I2C_ReadByte
    i2c1.o(i.I2C_ReadBuff) refers to i2c1.o(i.I2C_Ack) for I2C_Ack
    i2c1.o(i.I2C_ReadBuff) refers to i2c1.o(i.I2C_NAck) for I2C_NAck
    i2c1.o(i.I2C_ReadBuff) refers to i2c1.o(i.I2C_Stop) for I2C_Stop
    i2c1.o(i.I2C_ReadByte) refers to stm32f10x_gpio.o(i.GPIO_WriteBit) for GPIO_WriteBit
    i2c1.o(i.I2C_ReadByte) refers to i2c1.o(i.I2C_SDAMode) for I2C_SDAMode
    i2c1.o(i.I2C_ReadByte) refers to sys.o(i.delay_us) for delay_us
    i2c1.o(i.I2C_ReadByte) refers to stm32f10x_gpio.o(i.GPIO_ReadInputDataBit) for GPIO_ReadInputDataBit
    i2c1.o(i.I2C_ReadOneByte) refers to i2c1.o(i.I2C_Start) for I2C_Start
    i2c1.o(i.I2C_ReadOneByte) refers to i2c1.o(i.I2C_WriteByte) for I2C_WriteByte
    i2c1.o(i.I2C_ReadOneByte) refers to i2c1.o(i.I2C_WaitForAck) for I2C_WaitForAck
    i2c1.o(i.I2C_ReadOneByte) refers to i2c1.o(i.I2C_ReadByte) for I2C_ReadByte
    i2c1.o(i.I2C_ReadOneByte) refers to i2c1.o(i.I2C_NAck) for I2C_NAck
    i2c1.o(i.I2C_ReadOneByte) refers to i2c1.o(i.I2C_Stop) for I2C_Stop
    i2c1.o(i.I2C_SDAMode) refers to stm32f10x_gpio.o(i.GPIO_Init) for GPIO_Init
    i2c1.o(i.I2C_Start) refers to i2c1.o(i.I2C_SDAMode) for I2C_SDAMode
    i2c1.o(i.I2C_Start) refers to stm32f10x_gpio.o(i.GPIO_WriteBit) for GPIO_WriteBit
    i2c1.o(i.I2C_Start) refers to sys.o(i.delay_us) for delay_us
    i2c1.o(i.I2C_Stop) refers to i2c1.o(i.I2C_SDAMode) for I2C_SDAMode
    i2c1.o(i.I2C_Stop) refers to stm32f10x_gpio.o(i.GPIO_WriteBit) for GPIO_WriteBit
    i2c1.o(i.I2C_Stop) refers to sys.o(i.delay_us) for delay_us
    i2c1.o(i.I2C_WaitForAck) refers to i2c1.o(i.I2C_SDAMode) for I2C_SDAMode
    i2c1.o(i.I2C_WaitForAck) refers to stm32f10x_gpio.o(i.GPIO_WriteBit) for GPIO_WriteBit
    i2c1.o(i.I2C_WaitForAck) refers to sys.o(i.delay_us) for delay_us
    i2c1.o(i.I2C_WaitForAck) refers to stm32f10x_gpio.o(i.GPIO_ReadInputDataBit) for GPIO_ReadInputDataBit
    i2c1.o(i.I2C_WriteBuff) refers to i2c1.o(i.I2C_Start) for I2C_Start
    i2c1.o(i.I2C_WriteBuff) refers to i2c1.o(i.I2C_WriteByte) for I2C_WriteByte
    i2c1.o(i.I2C_WriteBuff) refers to i2c1.o(i.I2C_WaitForAck) for I2C_WaitForAck
    i2c1.o(i.I2C_WriteBuff) refers to i2c1.o(i.I2C_Stop) for I2C_Stop
    i2c1.o(i.I2C_WriteByte) refers to i2c1.o(i.I2C_SDAMode) for I2C_SDAMode
    i2c1.o(i.I2C_WriteByte) refers to stm32f10x_gpio.o(i.GPIO_WriteBit) for GPIO_WriteBit
    i2c1.o(i.I2C_WriteByte) refers to sys.o(i.delay_us) for delay_us
[...]
    .text                                    0x08001374   Section      128  strcmpv7m.o(.text)
    .text                                    0x080013f4   Section       38  llshl.o(.text)
    .text                                    0x0800141c   Section        0  sys_exit.o(.text)
    .text                                    0x08001428   Section        2  use_no_semi.o(.text)
    .text                                    0x0800142a   Section        0  indicate_semi.o(.text)
    CL$$btod_div_common                      0x0800142a   Section      824  btod.o(CL$$btod_div_common)
    CL$$btod_e2d                             0x08001764   Section      132  btod.o(CL$$btod_e2d)
    CL$$btod_e2e                             0x080017e8   Section      220  btod.o(CL$$btod_e2e)
    CL$$btod_ediv                            0x080018c4   Section       42  btod.o(CL$$btod_ediv)
    CL$$btod_edivd                           0x080018ee   Section       42  btod.o(CL$$btod_edivd)
    CL$$btod_emul                            0x08001918   Section       42  btod.o(CL$$btod_emul)
    CL$$btod_emuld                           0x08001942   Section       42  btod.o(CL$$btod_emuld)
    CL$$btod_mult_common                     0x0800196c   Section      580  btod.o(CL$$btod_mult_common)
    i.BAROMETER_Handle                       0x08001bb0   Section        0  barometer.o(i.BAROMETER_Handle)
    i.BusFault_Handler                       0x08001c70   Section        0  stm32f10x_it.o(i.BusFault_Handler)
    i.CAN1_Send_Msg                          0x08001c74   Section        0  can.o(i.CAN1_Send_Msg)
    i.CAN_FilterInit                         0x08001ce0   Section        0  stm32f10x_can.o(i.CAN_FilterInit)
    i.CAN_Init                               0x08001de8   Section        0  stm32f10x_can.o(i.CAN_Init)
    i.CAN_Transmit                           0x08001efc   Section        0  stm32f10x_can.o(i.CAN_Transmit)
    i.CAN_TransmitStatus                     0x08002024   Section        0  stm32f10x_can.o(i.CAN_TransmitStatus)
    i.Convert_DDMM_to_DD                     0x080020c4   Section        0  gps.o(i.Convert_DDMM_to_DD)
    i.DebugMon_Handler                       0x08002118   Section        0  stm32f10x_it.o(i.DebugMon_Handler)
    i.GPIO_Init                              0x0800211a   Section        0  stm32f10x_gpio.o(i.GPIO_Init)
    i.GPIO_PinRemapConfig                    0x08002230   Section        0  stm32f10x_gpio.o(i.GPIO_PinRemapConfig)
    i.GPIO_ReadInputDataBit                  0x080022c0   Section        0  stm32f10x_gpio.o(i.GPIO_ReadInputDataBit)
    i.GPIO_ResetBits                         0x080022d2   Section        0  stm32f10x_gpio.o(i.GPIO_ResetBits)
    i.GPIO_SetBits                           0x080022d6   Section        0  stm32f10x_gpio.o(i.GPIO_SetBits)
    i.GPIO_WriteBit                          0x080022da   Section        0  stm32f10x_gpio.o(i.GPIO_WriteBit)
    i.GPS_Handle                             0x080022e4   Section        0  gps.o(i.GPS_Handle)
    i.HardFault_Handler                      0x08002458   Section        0  stm32f10x_it.o(i.HardFault_Handler)
    i.I2C2_Ack                               0x0800245c   Section        0  i2c2.o(i.I2C2_Ack)
    i.I2C2_NAck                              0x080024a4   Section        0  i2c2.o(i.I2C2_NAck)
    i.I2C2_ReadByte                          0x080024e8   Section        0  i2c2.o(i.I2C2_ReadByte)
    i.I2C2_SDAMode                           0x08002560   Section        0  i2c2.o(i.I2C2_SDAMode)
    i.I2C2_Start                             0x08002590   Section        0  i2c2.o(i.I2C2_Start)
    i.I2C2_Stop                              0x080025d4   Section        0  i2c2.o(i.I2C2_Stop)
    i.I2C2_WaitForAck                        0x0800260c   Section        0  i2c2.o(i.I2C2_WaitForAck)
    i.I2C2_WriteByte                         0x08002654   Section        0  i2c2.o(i.I2C2_WriteByte)
    i.I2C2_WriteOneByte                      0x080026c8   Section        0  i2c2.o(i.I2C2_WriteOneByte)
    i.I2C_Ack                                0x080026ec   Section        0  i2c1.o(i.I2C_Ack)
    i.I2C_NAck                               0x08002734   Section        0  i2c1.o(i.I2C_NAck)
    i.I2C_ReadByte                           0x08002778   Section        0  i2c1.o(i.I2C_ReadByte)
    i.I2C_SDAMode                            0x080027f0   Section        0  i2c1.o(i.I2C_SDAMode)
    i.I2C_Start                              0x08002820   Section        0  i2c1.o(i.I2C_Start)
    i.I2C_Stop                               0x08002864   Section        0  i2c1.o(i.I2C_Stop)
    i.I2C_WaitForAck                         0x0800289c   Section        0  i2c1.o(i.I2C_WaitForAck)
    i.I2C_WriteByte                          0x080028e4   Section        0  i2c1.o(i.I2C_WriteByte)
    i.I2C_WriteOneByte                       0x08002958   Section        0  i2c1.o(i.I2C_WriteOneByte)
    i.Init_Devices                           0x0800297c   Section        0  system.o(i.Init_Devices)
    i.LPS22HB_SPIx_Reads                     0x080029cc   Section        0  spi.o(i.LPS22HB_SPIx_Reads)
    i.LPS22HB_SPIx_Write                     0x08002a14   Section        0  spi.o(i.LPS22HB_SPIx_Write)
    i.Led_Init                               0x08002a44   Section        0  system.o(i.Led_Init)
    i.MemManage_Handler                      0x08002a70   Section        0  stm32f10x_it.o(i.MemManage_Handler)
    i.Multiple2_Read_QMC5883                 0x08002a74   Section        0  i2c2.o(i.Multiple2_Read_QMC5883)
    i.Multiple_Read_QMC5883                  0x08002ac4   Section        0  i2c1.o(i.Multiple_Read_QMC5883)
    i.NMI_Handler                            0x08002b14   Section        0  stm32f10x_it.o(i.NMI_Handler)
    i.NVIC_Configuration                     0x08002b16   Section        0  system.o(i.NVIC_Configuration)
    i.NVIC_Init                              0x08002b24   Section        0  misc.o(i.NVIC_Init)
    i.NVIC_PriorityGroupConfig               0x08002b94   Section        0  misc.o(i.NVIC_PriorityGroupConfig)
    i.PendSV_Handler                         0x08002ba8   Section        0  stm32f10x_it.o(i.PendSV_Handler)
    i.QMC_Handle                             0x08002bac   Section        0  compass.o(i.QMC_Handle)
    i.RCC_APB1PeriphClockCmd                 0x08002cb0   Section        0  stm32f10x_rcc.o(i.RCC_APB1PeriphClockCmd)
    i.RCC_APB2PeriphClockCmd                 0x08002cd0   Section        0  stm32f10x_rcc.o(i.RCC_APB2PeriphClockCmd)
    i.RCC_GetClocksFreq                      0x08002cf0   Section        0  stm32f10x_rcc.o(i.RCC_GetClocksFreq)
    i.SPI2_ReadWriteByte                     0x08002dc4   Section        0  spi.o(i.SPI2_ReadWriteByte)
    i.SPI_Cmd                                0x08002e18   Section        0  stm32f10x_spi.o(i.SPI_Cmd)
    i.SPI_I2S_GetFlagStatus                  0x08002e30   Section        0  stm32f10x_spi.o(i.SPI_I2S_GetFlagStatus)
    i.SPI_I2S_ReceiveData                    0x08002e42   Section        0  stm32f10x_spi.o(i.SPI_I2S_ReceiveData)
    i.SPI_I2S_SendData                       0x08002e48   Section        0  stm32f10x_spi.o(i.SPI_I2S_SendData)
    i.SPI_Init                               0x08002e4c   Section        0  stm32f10x_spi.o(i.SPI_Init)
    i.SVC_Handler                            0x08002e88   Section        0  stm32f10x_it.o(i.SVC_Handler)
    i.SetSysClock                            0x08002e8a   Section        0  system_stm32f10x.o(i.SetSysClock)
    SetSysClock                              0x08002e8b   Thumb Code     8  system_stm32f10x.o(i.SetSysClock)
    i.SetSysClockTo72                        0x08002e94   Section        0  system_stm32f10x.o(i.SetSysClockTo72)
    SetSysClockTo72                          0x08002e95   Thumb Code   214  system_stm32f10x.o(i.SetSysClockTo72)
    i.SysTick_CLKSourceConfig                0x08002f74   Section        0  misc.o(i.SysTick_CLKSourceConfig)
    i.SysTick_Handler                        0x08002f9c   Section        0  stm32f10x_it.o(i.SysTick_Handler)
    i.SystemInit                             0x08002fbc   Section        0  system_stm32f10x.o(i.SystemInit)
    i.USART1_IRQHandler                      0x0800301c   Section        0  stm32f10x_it.o(i.USART1_IRQHandler)
    i.USART2_IRQHandler                      0x0800306c   Section        0  stm32f10x_it.o(i.USART2_IRQHandler)
    i.USART_ClearITPendingBit                0x0800309c   Section        0  stm32f10x_usart.o(i.USART_ClearITPendingBit)
    i.USART_Cmd                              0x080030ba   Section        0  stm32f10x_usart.o(i.USART_Cmd)
    i.USART_GetFlagStatus                    0x080030d2   Section        0  stm32f10x_usart.o(i.USART_GetFlagStatus)
    i.USART_GetITStatus                      0x080030ec   Section        0  stm32f10x_usart.o(i.USART_GetITStatus)
    i.USART_ITConfig                         0x08003140   Section        0  stm32f10x_usart.o(i.USART_ITConfig)
    i.USART_Init                             0x0800318c   Section        0  stm32f10x_usart.o(i.USART_Init)
    i.USART_ReceiveData                      0x08003264   Section        0  stm32f10x_usart.o(i.USART_ReceiveData)
    i.USART_SendData                         0x0800326e   Section        0  stm32f10x_usart.o(i.USART_SendData)
    i.UsageFault_Handler                     0x08003276   Section        0  stm32f10x_it.o(i.UsageFault_Handler)
    i.__ARM_fpclassify                       0x0800327a   Section        0  fpclassify.o(i.__ARM_fpclassify)
    i.__kernel_poly                          0x080032a2   Section        0  poly.o(i.__kernel_poly)
    i.__mathlib_dbl_divzero                  0x0800334c   Section        0  dunder.o(i.__mathlib_dbl_divzero)
    i.__mathlib_dbl_infnan2                  0x0800335c   Section        0  dunder.o(i.__mathlib_dbl_infnan2)
    i.__mathlib_dbl_invalid                  0x08003360   Section        0  dunder.o(i.__mathlib_dbl_invalid)
    i.__mathlib_dbl_overflow                 0x0800336c   Section        0  dunder.o(i.__mathlib_dbl_overflow)
    i.__mathlib_dbl_underflow                0x0800337c   Section        0  dunder.o(i.__mathlib_dbl_underflow)
    i.__mathlib_narrow                       0x0800338c   Section        0  narrow.o(i.__mathlib_narrow)
    i.__mathlib_tofloat                      0x0800339c   Section        0  narrow.o(i.__mathlib_tofloat)
    i.__support_ldexp                        0x08003458   Section        0  ldexp.o(i.__support_ldexp)
    i._is_digit                              0x0800346e   Section        0  scanf_fp.o(i._is_digit)
    i.delay_init                             0x0800347c   Section        0  sys.o(i.delay_init)
    i.delay_ms                               0x080034c0   Section        0  sys.o(i.delay_ms)
    i.delay_us                               0x0800350c   Section        0  sys.o(i.delay_us)
    i.frexp                                  0x08003558   Section        0  frexp.o(i.frexp)
    i.init_LPS22HB                           0x080035b0   Section        0  barometer.o(i.init_LPS22HB)
    i.init_QMC1                              0x080035ec   Section        0  compass.o(i.init_QMC1)
    i.init_QMC2                              0x08003610   Section        0  compass.o(i.init_QMC2)
    i.init_QMC5883                           0x08003634   Section        0  compass.o(i.init_QMC5883)
    i.init_UBLOX                             0x08003640   Section        0  gps.o(i.init_UBLOX)
    i.init_can                               0x080036d0   Section        0  can.o(i.init_can)
    i.init_i2c1                              0x080037a8   Section        0  i2c1.o(i.init_i2c1)
    i.init_i2c2                              0x080037f4   Section        0  i2c2.o(i.init_i2c2)
    i.init_spi2                              0x08003840   Section        0  spi.o(i.init_spi2)
    i.ldexp                                  0x08003920   Section        0  ldexp.o(i.ldexp)
    i.main                                   0x08003994   Section        0  main.o(i.main)
    i.pow                                    0x080039bc   Section        0  pow.o(i.pow)
    i.sqrt                                   0x08004394   Section        0  sqrt.o(i.sqrt)
    i.usart1_init                            0x080043e0   Section        0  usart.o(i.usart1_init)
    i.usart1_send                            0x08004488   Section        0  usart.o(i.usart1_send)
    i.usart1_send_str                        0x080044a8   Section        0  usart.o(i.usart1_send_str)
    i.usart2_init                            0x080044c8   Section        0  usart.o(i.usart2_init)
    locale$$code                             0x08004568   Section       44  lc_numeric_c.o(locale$$code)
    locale$$code                             0x08004594   Section       44  lc_ctype_c.o(locale$$code)
    x$fpl$d2f                                0x080045c0   Section       98  d2f.o(x$fpl$d2f)
    x$fpl$dadd                               0x08004624   Section      336  daddsub_clz.o(x$fpl$dadd)
    _dadd1                                   0x08004635   Thumb Code     0  daddsub_clz.o(x$fpl$dadd)
    x$fpl$dcheck1                            0x08004774   Section       16  dcheck1.o(x$fpl$dcheck1)
    x$fpl$dcmpinf                            0x08004784   Section       24  dcmpi.o(x$fpl$dcmpinf)
    x$fpl$ddiv                               0x0800479c   Section      688  ddiv.o(x$fpl$ddiv)
    ddiv_entry                               0x080047a3   Thumb Code     0  ddiv.o(x$fpl$ddiv)
    x$fpl$deqf                               0x08004a4c   Section      120  deqf.o(x$fpl$deqf)
    x$fpl$dfix                               0x08004ac4   Section       94  dfix.o(x$fpl$dfix)
    x$fpl$dfixu                              0x08004b24   Section       90  dfixu.o(x$fpl$dfixu)
    x$fpl$dflt                               0x08004b7e   Section       46  dflt_clz.o(x$fpl$dflt)
    x$fpl$dleqf                              0x08004bac   Section      120  dleqf.o(x$fpl$dleqf)
    x$fpl$dmul                               0x08004c24   Section      340  dmul.o(x$fpl$dmul)
    x$fpl$dnaninf                            0x08004d78   Section      156  dnaninf.o(x$fpl$dnaninf)
    x$fpl$dretinf                            0x08004e14   Section       12  dretinf.o(x$fpl$dretinf)
    x$fpl$drleqf                             0x08004e20   Section      108  drleqf.o(x$fpl$drleqf)
    x$fpl$drsb                               0x08004e8c   Section       22  daddsub_clz.o(x$fpl$drsb)
    x$fpl$dsqrt                              0x08004ea4   Section      460  dsqrt_noumaal.o(x$fpl$dsqrt)
    x$fpl$dsub                               0x08005070   Section      468  daddsub_clz.o(x$fpl$dsub)
    _dsub1                                   0x08005081   Thumb Code     0  daddsub_clz.o(x$fpl$dsub)
    x$fpl$f2d                                0x08005244   Section       86  f2d.o(x$fpl$f2d)
    x$fpl$fdiv                               0x0800529c   Section      388  fdiv.o(x$fpl$fdiv)
    _fdiv1                                   0x0800529d   Thumb Code     0  fdiv.o(x$fpl$fdiv)
    x$fpl$fflt                               0x08005420   Section       48  fflt_clz.o(x$fpl$fflt)
    x$fpl$fnaninf                            0x08005450   Section      140  fnaninf.o(x$fpl$fnaninf)
    x$fpl$fretinf                            0x080054dc   Section       10  fretinf.o(x$fpl$fretinf)
    x$fpl$ieeestatus                         0x080054e6   Section        6  istatus.o(x$fpl$ieeestatus)
    x$fpl$retnan                             0x080054ec   Section      100  retnan.o(x$fpl$retnan)
    x$fpl$scalbn                             0x08005550   Section       92  scalbn.o(x$fpl$scalbn)
    x$fpl$scanf1                             0x080055ac   Section        4  scanf1.o(x$fpl$scanf1)
    x$fpl$scanf2                             0x080055b0   Section        8  scanf2.o(x$fpl$scanf2)
    x$fpl$trapveneer                         0x080055b8   Section       48  trapv.o(x$fpl$trapveneer)
    .constdata                               0x080055e8   Section      136  pow.o(.constdata)
    x$fpl$usenofp                            0x080055e8   Section        0  usenofp.o(x$fpl$usenofp)
    bp                                       0x080055e8   Data          16  pow.o(.constdata)
    dp_h                                     0x080055f8   Data          16  pow.o(.constdata)
    dp_l                                     0x08005608   Data          16  pow.o(.constdata)
    L                                        0x08005618   Data          48  pow.o(.constdata)
    P                                        0x08005648   Data          40  pow.o(.constdata)
    .constdata                               0x08005670   Section        8  qnan.o(.constdata)
    .constdata                               0x08005678   Section      148  bigflt0.o(.constdata)
    tenpwrs_x                                0x08005678   Data          60  bigflt0.o(.constdata)
    tenpwrs_i                                0x080056b4   Data          64  bigflt0.o(.constdata)
    c$$dinf                                  0x0800572c   Section        8  fpconst.o(c$$dinf)
    c$$dmax                                  0x08005734   Section        8  fpconst.o(c$$dmax)
    locale$$data                             0x0800573c   Section       28  lc_numeric_c.o(locale$$data)
    __lcnum_c_name                           0x08005740   Data           2  lc_numeric_c.o(locale$$data)
    __lcnum_c_start                          0x08005748   Data           0  lc_numeric_c.o(locale$$data)
    __lcnum_c_point                          0x08005754   Data           0  lc_numeric_c.o(locale$$data)
    __lcnum_c_thousands                      0x08005756   Data           0  lc_numeric_c.o(locale$$data)
    __lcnum_c_grouping                       0x08005757   Data           0  lc_numeric_c.o(locale$$data)
    locale$$data                             0x08005758   Section      272  lc_ctype_c.o(locale$$data)
    __lcnum_c_end                            0x08005758   Data           0  lc_numeric_c.o(locale$$data)
    __lcctype_c_name                         0x0800575c   Data           2  lc_ctype_c.o(locale$$data)
    __lcctype_c_start                        0x08005764   Data           0  lc_ctype_c.o(locale$$data)
    __lcctype_c_end                          0x08005868   Data           0  lc_ctype_c.o(locale$$data)
    .data                                    0x20000000   Section        4  main.o(.data)
    .data                                    0x20000004   Section       20  system_stm32f10x.o(.data)
    .data                                    0x20000018   Section        8  system.o(.data)
    .data                                    0x20000020   Section       20  stm32f10x_rcc.o(.data)
    APBAHBPrescTable                         0x20000020   Data          16  stm32f10x_rcc.o(.data)
    ADCPrescTable                            0x20000030   Data           4  stm32f10x_rcc.o(.data)
    .data                                    0x20000034   Section        4  sys.o(.data)
    fac_us                                   0x20000034   Data           1  sys.o(.data)
    fac_ms                                   0x20000036   Data           2  sys.o(.data)
    .data                                    0x20000038   Section       12  barometer.o(.data)
    .data                                    0x20000044   Section      357  gps.o(.data)
    .bss                                     0x200001ac   Section       12  barometer.o(.bss)
    .bss                                     0x200001b8   Section       24  compass.o(.bss)
    .bss                                     0x200001d0   Section      312  gps.o(.bss)
    .bss                                     0x20000308   Section       96  libspace.o(.bss)
    HEAP                                     0x20000368   Section      512  startup_stm32f10x_ld.o(HEAP)
    Heap_Mem                                 0x20000368   Data         512  startup_stm32f10x_ld.o(HEAP)
    STACK                                    0x20000568   Section     1024  startup_stm32f10x_ld.o(STACK)
    Stack_Mem                                0x20000568   Data        1024  startup_stm32f10x_ld.o(STACK)
    __initial_sp                             0x20000968   Data           0  startup_stm32f10x_ld.o(STACK)

    Global Symbols

    Symbol Name                              Value     Ov Type        Size  Object(Section)

    BuildAttributes$$THM_ISAv4$P$D$K$B$S$PE$A:L22UL41UL21$X:L11$S22US41US21$IEEE1$IW$USESV6$~STKCKD$USESV7$~SHL$OTIME$ROPI$IEEEX$EBA8$UX$STANDARDLIB$REQ8$PRES8$EABIv2 0x00000000   Number         0  anon$$obj.o ABSOLUTE
    __ARM_use_no_argv                        0x00000000   Number         0  main.o ABSOLUTE
    __ARM_exceptions_init                     - Undefined Weak Reference
    __alloca_initialize                       - Undefined Weak Reference
    __arm_preinit_                            - Undefined Weak Reference
    __cpp_initialize__aeabi_                  - Undefined Weak Reference
    __cxa_finalize                            - Undefined Weak Reference
    __sigvec_lookup                           - Undefined Weak Reference
    _atexit_init                              - Undefined Weak Reference
    _call_atexit_fns                          - Undefined Weak Reference
    _clock_init                               - Undefined Weak Reference
    _fp_trap_init                             - Undefined Weak Reference
    _fp_trap_shutdown                         - Undefined Weak Reference
    _get_lc_collate                           - Undefined Weak Reference
    _get_lc_monetary                          - Undefined Weak Reference
    _get_lc_time                              - Undefined Weak Reference
    _getenv_init                              - Undefined Weak Reference
    _handle_redirection                       - Undefined Weak Reference
    _init_alloc                               - Undefined Weak Reference
    _init_user_alloc                          - Undefined Weak Reference
    _initio                                   - Undefined Weak Reference
    _rand_init                                - Undefined Weak Reference
    _scanf_longlong                           - Undefined Weak Reference
    _scanf_mbtowc                             - Undefined Weak Reference
    _scanf_string                             - Undefined Weak Reference
    _scanf_wctomb                             - Undefined Weak Reference
    _scanf_wstring                            - Undefined Weak Reference
    _signal_finish                            - Undefined Weak Reference
    _signal_init                              - Undefined Weak Reference
    _terminate_alloc                          - Undefined Weak Reference
    _terminate_user_alloc                     - Undefined Weak Reference
    _terminateio                              - Undefined Weak Reference
    __Vectors_Size                           0x000000ec   Number         0  startup_stm32f10x_ld.o ABSOLUTE
    __Vectors                                0x08000000   Data           4  startup_stm32f10x_ld.o(RESET)
    __Vectors_End                            0x080000ec   Data           0  startup_stm32f10x_ld.o(RESET)
    __main                                   0x080000ed   Thumb Code     8  __main.o(!!!main)
    __scatterload                            0x080000f5   Thumb Code     0  __scatter.o(!!!scatter)
    __scatterload_rt2                        0x080000f5   Thumb Code    44  __scatter.o(!!!scatter)
    __scatterload_rt2_thumb_only             0x080000f5   Thumb Code     0  __scatter.o(!!!scatter)
    __scatterload_null                       0x08000103   Thumb Code     0  __scatter.o(!!!scatter)
    __decompress                             0x08000129   Thumb Code    90  __dczerorl2.o(!!dczerorl2)
    __decompress1                            0x08000129   Thumb Code     0  __dczerorl2.o(!!dczerorl2)
    __scatterload_zeroinit                   0x08000185   Thumb Code    28  __scatter_zi.o(!!handler_zi)
    __rt_lib_init                            0x080001a1   Thumb Code     0  libinit.o(.ARM.Collect$$libinit$$00000000)
    __rt_lib_init_fp_1                       0x080001a3   Thumb Code     0  libinit2.o(.ARM.Collect$$libinit$$00000002)
    __rt_lib_init_heap_1                     0x080001a3   Thumb Code     0  libinit2.o(.ARM.Collect$$libinit$$0000000A)
    __rt_lib_init_lc_common                  0x080001a3   Thumb Code     0  libinit2.o(.ARM.Collect$$libinit$$0000000F)
    __rt_lib_init_preinit_1                  0x080001a3   Thumb Code     0  libinit2.o(.ARM.Collect$$libinit$$00000004)
    __rt_lib_init_rand_1                     0x080001a3   Thumb Code     0  libinit2.o(.ARM.Collect$$libinit$$0000000E)
    __rt_lib_init_user_alloc_1               0x080001a3   Thumb Code     0  libinit2.o(.ARM.Collect$$libinit$$0000000C)
    __rt_lib_init_lc_collate_1               0x080001a9   Thumb Code     0  libinit2.o(.ARM.Collect$$libinit$$00000011)
    __rt_lib_init_lc_ctype_2                 0x080001a9   Thumb Code     0  libinit2.o(.ARM.Collect$$libinit$$00000012)
    __rt_lib_init_lc_ctype_1                 0x080001b5   Thumb Code     0  libinit2.o(.ARM.Collect$$libinit$$00000013)
    __rt_lib_init_lc_monetary_1              0x080001b5   Thumb Code     0  libinit2.o(.ARM.Collect$$libinit$$00000015)
    __rt_lib_init_lc_numeric_2               0x080001b5   Thumb Code     0  libinit2.o(.ARM.Collect$$libinit$$00000016)
    __rt_lib_init_alloca_1                   0x080001bf   Thumb Code     0  libinit2.o(.ARM.Collect$$libinit$$0000002E)
    __rt_lib_init_argv_1                     0x080001bf   Thumb Code     0  libinit2.o(.ARM.Collect$$libinit$$0000002C)
    __rt_lib_init_atexit_1                   0x080001bf   Thumb Code     0  libinit2.o(.ARM.Collect$$libinit$$0000001B)
    __rt_lib_init_clock_1                    0x080001bf   Thumb Code     0  libinit2.o(.ARM.Collect$$libinit$$00000021)
    __rt_lib_init_cpp_1                      0x080001bf   Thumb Code     0  libinit2.o(.ARM.Collect$$libinit$$00000032)
    __rt_lib_init_exceptions_1               0x080001bf   Thumb Code     0  libinit2.o(.ARM.Collect$$libinit$$00000030)
    __rt_lib_init_fp_trap_1                  0x080001bf   Thumb Code     0  libinit2.o(.ARM.Collect$$libinit$$0000001F)
    __rt_lib_init_getenv_1                   0x080001bf   Thumb Code     0  libinit2.o(.ARM.Collect$$libinit$$00000023)
    __rt_lib_init_lc_numeric_1               0x080001bf   Thumb Code     0  libinit2.o(.ARM.Collect$$libinit$$00000017)
    __rt_lib_init_lc_time_1                  0x080001bf   Thumb Code     0  libinit2.o(.ARM.Collect$$libinit$$00000019)
    __rt_lib_init_return                     0x080001bf   Thumb Code     0  libinit2.o(.ARM.Collect$$libinit$$00000033)
    __rt_lib_init_signal_1                   0x080001bf   Thumb Code     0  libinit2.o(.ARM.Collect$$libinit$$0000001D)
    __rt_lib_init_stdio_1                    0x080001bf   Thumb Code     0  libinit2.o(.ARM.Collect$$libinit$$00000025)
    __rt_lib_shutdown                        0x080001c1   Thumb Code     0  libshutdown.o(.ARM.Collect$$libshutdown$$00000000)
    __rt_lib_shutdown_cpp_1                  0x080001c3   Thumb Code     0  libshutdown2.o(.ARM.Collect$$libshutdown$$00000002)
    __rt_lib_shutdown_fp_trap_1              0x080001c3   Thumb Code     0  libshutdown2.o(.ARM.Collect$$libshutdown$$00000007)
    __rt_lib_shutdown_heap_1                 0x080001c3   Thumb Code     0  libshutdown2.o(.ARM.Collect$$libshutdown$$0000000F)
    __rt_lib_shutdown_return                 0x080001c3   Thumb Code     0  libshutdown2.o(.ARM.Collect$$libshutdown$$00000010)
    __rt_lib_shutdown_signal_1               0x080001c3   Thumb Code     0  libshutdown2.o(.ARM.Collect$$libshutdown$$0000000A)
    __rt_lib_shutdown_stdio_1                0x080001c3   Thumb Code     0  libshutdown2.o(.ARM.Collect$$libshutdown$$00000004)
    __rt_lib_shutdown_user_alloc_1           0x080001c3   Thumb Code     0  libshutdown2.o(.ARM.Collect$$libshutdown$$0000000C)
    __rt_entry                               0x080001c5   Thumb Code     0  __rtentry.o(.ARM.Collect$$rtentry$$00000000)
    __rt_entry_presh_1                       0x080001c5   Thumb Code     0  __rtentry2.o(.ARM.Collect$$rtentry$$00000002)
    __rt_entry_sh                            0x080001c5   Thumb Code     0  __rtentry4.o(.ARM.Collect$$rtentry$$00000004)
    __rt_entry_li                            0x080001cb   Thumb Code     0  __rtentry2.o(.ARM.Collect$$rtentry$$0000000A)
    __rt_entry_postsh_1                      0x080001cb   Thumb Code     0  __rtentry2.o(.ARM.Collect$$rtentry$$00000009)
    __rt_entry_main                          0x080001cf   Thumb Code     0  __rtentry2.o(.ARM.Collect$$rtentry$$0000000D)
    __rt_entry_postli_1                      0x080001cf   Thumb Code     0  __rtentry2.o(.ARM.Collect$$rtentry$$0000000C)
    __rt_exit                                0x080001d7   Thumb Code     0  rtexit.o(.ARM.Collect$$rtexit$$00000000)
    __rt_exit_ls                             0x080001d9   Thumb Code     0  rtexit2.o(.ARM.Collect$$rtexit$$00000003)
    __rt_exit_prels_1                        0x080001d9   Thumb Code     0  rtexit2.o(.ARM.Collect$$rtexit$$00000002)
    __rt_exit_exit                           0x080001dd   Thumb Code     0  rtexit2.o(.ARM.Collect$$rtexit$$00000004)
    Reset_Handler                            0x080001e5   Thumb Code     8  startup_stm32f10x_ld.o(.text)
    ADC1_2_IRQHandler                        0x080001ff   Thumb Code     0  startup_stm32f10x_ld.o(.text)
    CAN1_RX1_IRQHandler                      0x080001ff   Thumb Code     0  startup_stm32f10x_ld.o(.text)
    CAN1_SCE_IRQHandler                      0x080001ff   Thumb Code     0  startup_stm32f10x_ld.o(.text)
    DMA1_Channel1_IRQHandler                 0x080001ff   Thumb Code     0  startup_stm32f10x_ld.o(.text)
    DMA1_Channel2_IRQHandler                 0x080001ff   Thumb Code     0  startup_stm32f10x_ld.o(.text)
    DMA1_Channel3_IRQHandler                 0x080001ff   Thumb Code     0  startup_stm32f10x_ld.o(.text)
    DMA1_Channel4_IRQHandler                 0x080001ff   Thumb Code     0  startup_stm32f10x_ld.o(.text)
    DMA1_Channel5_IRQHandler                 0x080001ff   Thumb Code     0  startup_stm32f10x_ld.o(.text)
    DMA1_Channel6_IRQHandler                 0x080001ff   Thumb Code     0  startup_stm32f10x_ld.o(.text)
    DMA1_Channel7_IRQHandler                 0x080001ff   Thumb Code     0  startup_stm32f10x_ld.o(.text)
    EXTI0_IRQHandler                         0x080001ff   Thumb Code     0  startup_stm32f10x_ld.o(.text)
    EXTI15_10_IRQHandler                     0x080001ff   Thumb Code     0  startup_stm32f10x_ld.o(.text)
    EXTI1_IRQHandler                         0x080001ff   Thumb Code     0  startup_stm32f10x_ld.o(.text)
    EXTI2_IRQHandler                         0x080001ff   Thumb Code     0  startup_stm32f10x_ld.o(.text)
    EXTI3_IRQHandler                         0x080001ff   Thumb Code     0  startup_stm32f10x_ld.o(.text)
    EXTI4_IRQHandler                         0x080001ff   Thumb Code     0  startup_stm32f10x_ld.o(.text)
    EXTI9_5_IRQHandler                       0x080001ff   Thumb Code     0  startup_stm32f10x_ld.o(.text)
    FLASH_IRQHandler                         0x080001ff   Thumb Code     0  startup_stm32f10x_ld.o(.text)
    I2C1_ER_IRQHandler                       0x080001ff   Thumb Code     0  startup_stm32f10x_ld.o(.text)
    I2C1_EV_IRQHandler                       0x080001ff   Thumb Code     0  startup_stm32f10x_ld.o(.text)
    PVD_IRQHandler                           0x080001ff   Thumb Code     0  startup_stm32f10x_ld.o(.text)
    RCC_IRQHandler                           0x080001ff   Thumb Code     0  startup_stm32f10x_ld.o(.text)
    RTCAlarm_IRQHandler                      0x080001ff   Thumb Code     0  startup_stm32f10x_ld.o(.text)
    RTC_IRQHandler                           0x080001ff   Thumb Code     0  startup_stm32f10x_ld.o(.text)
    SPI1_IRQHandler                          0x080001ff   Thumb Code     0  startup_stm32f10x_ld.o(.text)
    TAMPER_IRQHandler                        0x080001ff   Thumb Code     0  startup_stm32f10x_ld.o(.text)
    TIM1_BRK_IRQHandler                      0x080001ff   Thumb Code     0  startup_stm32f10x_ld.o(.text)
    TIM1_CC_IRQHandler                       0x080001ff   Thumb Code     0  startup_stm32f10x_ld.o(.text)
    TIM1_TRG_COM_IRQHandler                  0x080001ff   Thumb Code     0  startup_stm32f10x_ld.o(.text)
    TIM1_UP_IRQHandler                       0x080001ff   Thumb Code     0  startup_stm32f10x_ld.o(.text)
    TIM2_IRQHandler                          0x080001ff   Thumb Code     0  startup_stm32f10x_ld.o(.text)
    TIM3_IRQHandler                          0x080001ff   Thumb Code     0  startup_stm32f10x_ld.o(.text)
    USBWakeUp_IRQHandler                     0x080001ff   Thumb Code     0  startup_stm32f10x_ld.o(.text)
    USB_HP_CAN1_TX_IRQHandler                0x080001ff   Thumb Code     0  startup_stm32f10x_ld.o(.text)
    USB_LP_CAN1_RX0_IRQHandler               0x080001ff   Thumb Code     0  startup_stm32f10x_ld.o(.text)
    WWDG_IRQHandler                          0x080001ff   Thumb Code     0  startup_stm32f10x_ld.o(.text)
    __user_initial_stackheap                 0x08000201   Thumb Code     0  startup_stm32f10x_ld.o(.text)
    __0sscanf                                0x08000225   Thumb Code    52  __0sscanf.o(.text)
    _scanf_int                               0x08000261   Thumb Code   332  _scanf_int.o(.text)
    strncmp                                  0x080003ad   Thumb Code   150  strncmp.o(.text)
    __aeabi_memclr4                          0x08000443   Thumb Code     0  rt_memclr_w.o(.text)
    __aeabi_memclr8                          0x08000443   Thumb Code     0  rt_memclr_w.o(.text)
    __rt_memclr_w                            0x08000443   Thumb Code    78  rt_memclr_w.o(.text)
    _memset_w                                0x08000447   Thumb Code     0  rt_memclr_w.o(.text)
    __use_two_region_memory                  0x08000491   Thumb Code     2  heapauxi.o(.text)
    __rt_heap_escrow$2region                 0x08000493   Thumb Code     2  heapauxi.o(.text)
    __rt_heap_expand$2region                 0x08000495   Thumb Code     2  heapauxi.o(.text)
    __read_errno                             0x08000497   Thumb Code    10  _rserrno.o(.text)
    __set_errno                              0x080004a1   Thumb Code    12  _rserrno.o(.text)
    _chval                                   0x080004ad   Thumb Code    28  _chval.o(.text)
    _scanf_really_real                       0x08000715   Thumb Code   684  scanf_fp.o(.text)
    __vfscanf_char                           0x080009cd   Thumb Code    24  scanf_char.o(.text)
    _sgetc                                   0x080009ed   Thumb Code    30  _sgetc.o(.text)
    _sbackspace                              0x08000a0b   Thumb Code    34  _sgetc.o(.text)
    __rt_locale                              0x08000a2d   Thumb Code     8  rt_locale_intlibspace.o(.text)
    __aeabi_errno_addr                       0x08000a35   Thumb Code     8  rt_errno_addr_intlibspace.o(.text)
    __errno$intlibspace                      0x08000a35   Thumb Code     0  rt_errno_addr_intlibspace.o(.text)
    __rt_errno_addr$intlibspace              0x08000a35   Thumb Code     0  rt_errno_addr_intlibspace.o(.text)
    isspace                                  0x08000a3d   Thumb Code    18  isspace.o(.text)
    __vfscanf                                0x08000a51   Thumb Code   878  _scanf.o(.text)
    _btod_etento                             0x08000dc5   Thumb Code   224  bigflt0.o(.text)
    __user_libspace                          0x08000ea9   Thumb Code     8  libspace.o(.text)
    __user_perproc_libspace                  0x08000ea9   Thumb Code     0  libspace.o(.text)
    __user_perthread_libspace                0x08000ea9   Thumb Code     0  libspace.o(.text)
    __user_setup_stackheap                   0x08000eb1   Thumb Code    74  sys_stackheap_outer.o(.text)
    __rt_ctype_table                         0x08000efd   Thumb Code    16  rt_ctype_table.o(.text)
    _scanf_really_hex_real                   0x08000f0d   Thumb Code   786  scanf_hexfp.o(.text)
    _scanf_really_infnan                     0x0800122d   Thumb Code   292  scanf_infnan.o(.text)
    exit                                     0x08001361   Thumb Code    18  exit.o(.text)
    strcmp                                   0x08001375   Thumb Code   128  strcmpv7m.o(.text)
    __aeabi_llsl                             0x080013f5   Thumb Code     0  llshl.o(.text)
    _ll_shift_l                              0x080013f5   Thumb Code    38  llshl.o(.text)
    _sys_exit                                0x0800141d   Thumb Code     8  sys_exit.o(.text)
    __I$use$semihosting                      0x08001429   Thumb Code     0  use_no_semi.o(.text)
    __use_no_semihosting_swi                 0x08001429   Thumb Code     2  use_no_semi.o(.text)
    __btod_div_common                        0x0800142b   Thumb Code   696  btod.o(CL$$btod_div_common)
    __semihosting_library_function           0x0800142b   Thumb Code     0  indicate_semi.o(.text)
    _e2d                                     0x08001765   Thumb Code   122  btod.o(CL$$btod_e2d)
    _e2e                                     0x080017e9   Thumb Code   220  btod.o(CL$$btod_e2e)
    _btod_ediv                               0x080018c5   Thumb Code    42  btod.o(CL$$btod_ediv)
    _btod_edivd                              0x080018ef   Thumb Code    42  btod.o(CL$$btod_edivd)
    _btod_emul                               0x08001919   Thumb Code    42  btod.o(CL$$btod_emul)
    _btod_emuld                              0x08001943   Thumb Code    42  btod.o(CL$$btod_emuld)
    __btod_mult_common                       0x0800196d   Thumb Code   580  btod.o(CL$$btod_mult_common)
    BAROMETER_Handle                         0x08001bb1   Thumb Code   164  barometer.o(i.BAROMETER_Handle)
    BusFault_Handler                         0x08001c71   Thumb Code     4  stm32f10x_it.o(i.BusFault_Handler)
    CAN1_Send_Msg                            0x08001c75   Thumb Code   104  can.o(i.CAN1_Send_Msg)
    CAN_FilterInit                           0x08001ce1   Thumb Code   258  stm32f10x_can.o(i.CAN_FilterInit)
    CAN_Init                                 0x08001de9   Thumb Code   276  stm32f10x_can.o(i.CAN_Init)
    CAN_Transmit                             0x08001efd   Thumb Code   294  stm32f10x_can.o(i.CAN_Transmit)
    CAN_TransmitStatus                       0x08002025   Thumb Code   138  stm32f10x_can.o(i.CAN_TransmitStatus)
    Convert_DDMM_to_DD                       0x080020c5   Thumb Code    80  gps.o(i.Convert_DDMM_to_DD)
    DebugMon_Handler                         0x08002119   Thumb Code     2  stm32f10x_it.o(i.DebugMon_Handler)
    GPIO_Init                                0x0800211b   Thumb Code   278  stm32f10x_gpio.o(i.GPIO_Init)
    GPIO_PinRemapConfig                      0x08002231   Thumb Code   138  stm32f10x_gpio.o(i.GPIO_PinRemapConfig)
    GPIO_ReadInputDataBit                    0x080022c1   Thumb Code    18  stm32f10x_gpio.o(i.GPIO_ReadInputDataBit)
    GPIO_ResetBits                           0x080022d3   Thumb Code     4  stm32f10x_gpio.o(i.GPIO_ResetBits)
    GPIO_SetBits                             0x080022d7   Thumb Code     4  stm32f10x_gpio.o(i.GPIO_SetBits)
    GPIO_WriteBit                            0x080022db   Thumb Code    10  stm32f10x_gpio.o(i.GPIO_WriteBit)
    GPS_Handle                               0x080022e5   Thumb Code   270  gps.o(i.GPS_Handle)
    HardFault_Handler                        0x08002459   Thumb Code     4  stm32f10x_it.o(i.HardFault_Handler)
    I2C2_Ack                                 0x0800245d   Thumb Code    68  i2c2.o(i.I2C2_Ack)
    I2C2_NAck                                0x080024a5   Thumb Code    62  i2c2.o(i.I2C2_NAck)
    I2C2_ReadByte                            0x080024e9   Thumb Code   114  i2c2.o(i.I2C2_ReadByte)
    I2C2_SDAMode                             0x08002561   Thumb Code    42  i2c2.o(i.I2C2_SDAMode)
    I2C2_Start                               0x08002591   Thumb Code    62  i2c2.o(i.I2C2_Start)
    I2C2_Stop                                0x080025d5   Thumb Code    52  i2c2.o(i.I2C2_Stop)
    I2C2_WaitForAck                          0x0800260d   Thumb Code    66  i2c2.o(i.I2C2_WaitForAck)
    I2C2_WriteByte                           0x08002655   Thumb Code   112  i2c2.o(i.I2C2_WriteByte)
    I2C2_WriteOneByte                        0x080026c9   Thumb Code    36  i2c2.o(i.I2C2_WriteOneByte)
    I2C_Ack                                  0x080026ed   Thumb Code    68  i2c1.o(i.I2C_Ack)
    I2C_NAck                                 0x08002735   Thumb Code    62  i2c1.o(i.I2C_NAck)
    I2C_ReadByte                             0x08002779   Thumb Code   114  i2c1.o(i.I2C_ReadByte)
    I2C_SDAMode                              0x080027f1   Thumb Code    42  i2c1.o(i.I2C_SDAMode)
    I2C_Start                                0x08002821   Thumb Code    62  i2c1.o(i.I2C_Start)
    I2C_Stop                                 0x08002865   Thumb Code    52  i2c1.o(i.I2C_Stop)
    I2C_WaitForAck                           0x0800289d   Thumb Code    66  i2c1.o(i.I2C_WaitForAck)
    I2C_WriteByte                            0x080028e5   Thumb Code   112  i2c1.o(i.I2C_WriteByte)
    I2C_WriteOneByte                         0x08002959   Thumb Code    36  i2c1.o(i.I2C_WriteOneByte)
    Init_Devices                             0x0800297d   Thumb Code    80  system.o(i.Init_Devices)
    LPS22HB_SPIx_Reads                       0x080029cd   Thumb Code    66  spi.o(i.LPS22HB_SPIx_Reads)
    LPS22HB_SPIx_Write                       0x08002a15   Thumb Code    42  spi.o(i.LPS22HB_SPIx_Write)
    Led_Init                                 0x08002a45   Thumb Code    40  system.o(i.Led_Init)
    MemManage_Handler                        0x08002a71   Thumb Code     4  stm32f10x_it.o(i.MemManage_Handler)
    Multiple2_Read_QMC5883                   0x08002a75   Thumb Code    74  i2c2.o(i.Multiple2_Read_QMC5883)
    Multiple_Read_QMC5883                    0x08002ac5   Thumb Code    74  i2c1.o(i.Multiple_Read_QMC5883)
    NMI_Handler                              0x08002b15   Thumb Code     2  stm32f10x_it.o(i.NMI_Handler)
    NVIC_Configuration                       0x08002b17   Thumb Code    12  system.o(i.NVIC_Configuration)
    NVIC_Init                                0x08002b25   Thumb Code   100  misc.o(i.NVIC_Init)
    NVIC_PriorityGroupConfig                 0x08002b95   Thumb Code    10  misc.o(i.NVIC_PriorityGroupConfig)
    PendSV_Handler                           0x08002ba9   Thumb Code     2  stm32f10x_it.o(i.PendSV_Handler)
    QMC_Handle                               0x08002bad   Thumb Code   252  compass.o(i.QMC_Handle)
    RCC_APB1PeriphClockCmd                   0x08002cb1   Thumb Code    26  stm32f10x_rcc.o(i.RCC_APB1PeriphClockCmd)
    RCC_APB2PeriphClockCmd                   0x08002cd1   Thumb Code    26  stm32f10x_rcc.o(i.RCC_APB2PeriphClockCmd)
    RCC_GetClocksFreq                        0x08002cf1   Thumb Code   192  stm32f10x_rcc.o(i.RCC_GetClocksFreq)
    SPI2_ReadWriteByte                       0x08002dc5   Thumb Code    78  spi.o(i.SPI2_ReadWriteByte)
    SPI_Cmd                                  0x08002e19   Thumb Code    24  stm32f10x_spi.o(i.SPI_Cmd)
    SPI_I2S_GetFlagStatus                    0x08002e31   Thumb Code    18  stm32f10x_spi.o(i.SPI_I2S_GetFlagStatus)
    SPI_I2S_ReceiveData                      0x08002e43   Thumb Code     6  stm32f10x_spi.o(i.SPI_I2S_ReceiveData)
    SPI_I2S_SendData                         0x08002e49   Thumb Code     4  stm32f10x_spi.o(i.SPI_I2S_SendData)
    SPI_Init                                 0x08002e4d   Thumb Code    60  stm32f10x_spi.o(i.SPI_Init)
    SVC_Handler                              0x08002e89   Thumb Code     2  stm32f10x_it.o(i.SVC_Handler)
    SysTick_CLKSourceConfig                  0x08002f75   Thumb Code    40  misc.o(i.SysTick_CLKSourceConfig)
    SysTick_Handler                          0x08002f9d   Thumb Code    22  stm32f10x_it.o(i.SysTick_Handler)
    SystemInit                               0x08002fbd   Thumb Code    78  system_stm32f10x.o(i.SystemInit)
    USART1_IRQHandler                        0x0800301d   Thumb Code    68  stm32f10x_it.o(i.USART1_IRQHandler)
    USART2_IRQHandler                        0x0800306d   Thumb Code    44  stm32f10x_it.o(i.USART2_IRQHandler)
    USART_ClearITPendingBit                  0x0800309d   Thumb Code    30  stm32f10x_usart.o(i.USART_ClearITPendingBit)
    USART_Cmd                                0x080030bb   Thumb Code    24  stm32f10x_usart.o(i.USART_Cmd)
    USART_GetFlagStatus                      0x080030d3   Thumb Code    26  stm32f10x_usart.o(i.USART_GetFlagStatus)
    USART_GetITStatus                        0x080030ed   Thumb Code    84  stm32f10x_usart.o(i.USART_GetITStatus)
    USART_ITConfig                           0x08003141   Thumb Code    74  stm32f10x_usart.o(i.USART_ITConfig)
    USART_Init                               0x0800318d   Thumb Code   210  stm32f10x_usart.o(i.USART_Init)
    USART_ReceiveData                        0x08003265   Thumb Code    10  stm32f10x_usart.o(i.USART_ReceiveData)
    USART_SendData                           0x0800326f   Thumb Code     8  stm32f10x_usart.o(i.USART_SendData)
    UsageFault_Handler                       0x08003277   Thumb Code     4  stm32f10x_it.o(i.UsageFault_Handler)
    __ARM_fpclassify                         0x0800327b   Thumb Code    40  fpclassify.o(i.__ARM_fpclassify)
    __kernel_poly                            0x080032a3   Thumb Code   170  poly.o(i.__kernel_poly)
    __mathlib_dbl_divzero                    0x0800334d   Thumb Code    12  dunder.o(i.__mathlib_dbl_divzero)
    __mathlib_dbl_infnan2                    0x0800335d   Thumb Code     4  dunder.o(i.__mathlib_dbl_infnan2)
    __mathlib_dbl_invalid                    0x08003361   Thumb Code    12  dunder.o(i.__mathlib_dbl_invalid)
    __mathlib_dbl_overflow                   0x0800336d   Thumb Code    14  dunder.o(i.__mathlib_dbl_overflow)
    __mathlib_dbl_underflow                  0x0800337d   Thumb Code    10  dunder.o(i.__mathlib_dbl_underflow)
    __mathlib_narrow                         0x0800338d   Thumb Code    16  narrow.o(i.__mathlib_narrow)
    __mathlib_tofloat                        0x0800339d   Thumb Code   184  narrow.o(i.__mathlib_tofloat)
    __support_ldexp                          0x08003459   Thumb Code    22  ldexp.o(i.__support_ldexp)
    _is_digit                                0x0800346f   Thumb Code    14  scanf_fp.o(i._is_digit)
    delay_init                               0x0800347d   Thumb Code    50  sys.o(i.delay_init)
    delay_ms                                 0x080034c1   Thumb Code    72  sys.o(i.delay_ms)
    delay_us                                 0x0800350d   Thumb Code    72  sys.o(i.delay_us)
    frexp                                    0x08003559   Thumb Code    80  frexp.o(i.frexp)
    init_LPS22HB                             0x080035b1   Thumb Code    52  barometer.o(i.init_LPS22HB)
    init_QMC1                                0x080035ed   Thumb Code    36  compass.o(i.init_QMC1)
    init_QMC2                                0x08003611   Thumb Code    36  compass.o(i.init_QMC2)
    init_QMC5883                             0x08003635   Thumb Code    12  compass.o(i.init_QMC5883)
    init_UBLOX                               0x08003641   Thumb Code   114  gps.o(i.init_UBLOX)
    init_can                                 0x080036d1   Thumb Code   208  can.o(i.init_can)
    init_i2c1                                0x080037a9   Thumb Code    72  i2c1.o(i.init_i2c1)
    init_i2c2                                0x080037f5   Thumb Code    72  i2c2.o(i.init_i2c2)
    init_spi2                                0x08003841   Thumb Code   216  spi.o(i.init_spi2)
    ldexp                                    0x08003921   Thumb Code   116  ldexp.o(i.ldexp)
    main                                     0x08003995   Thumb Code    34  main.o(i.main)
    pow                                      0x080039bd   Thumb Code  2512  pow.o(i.pow)
    sqrt                                     0x08004395   Thumb Code    76  sqrt.o(i.sqrt)
    usart1_init                              0x080043e1   Thumb Code   160  usart.o(i.usart1_init)
    usart1_send                              0x08004489   Thumb Code    28  usart.o(i.usart1_send)
    usart1_send_str                          0x080044a9   Thumb Code    30  usart.o(i.usart1_send_str)
    usart2_init                              0x080044c9   Thumb Code   152  usart.o(i.usart2_init)
    _get_lc_numeric                          0x08004569   Thumb Code    44  lc_numeric_c.o(locale$$code)
    _get_lc_ctype                            0x08004595   Thumb Code    44  lc_ctype_c.o(locale$$code)
    __aeabi_d2f                              0x080045c1   Thumb Code     0  d2f.o(x$fpl$d2f)
    _d2f                                     0x080045c1   Thumb Code    98  d2f.o(x$fpl$d2f)
    __aeabi_dadd                             0x08004625   Thumb Code     0  daddsub_clz.o(x$fpl$dadd)
    _dadd                                    0x08004625   Thumb Code   332  daddsub_clz.o(x$fpl$dadd)
    __fpl_dcheck_NaN1                        0x08004775   Thumb Code    10  dcheck1.o(x$fpl$dcheck1)
    __fpl_dcmp_Inf                           0x08004785   Thumb Code    24  dcmpi.o(x$fpl$dcmpinf)
    __aeabi_ddiv                             0x0800479d   Thumb Code     0  ddiv.o(x$fpl$ddiv)
    _ddiv                                    0x0800479d   Thumb Code   552  ddiv.o(x$fpl$ddiv)
    __aeabi_cdcmpeq                          0x08004a4d   Thumb Code     0  deqf.o(x$fpl$deqf)
    _dcmpeq                                  0x08004a4d   Thumb Code   120  deqf.o(x$fpl$deqf)
    __aeabi_d2iz                             0x08004ac5   Thumb Code     0  dfix.o(x$fpl$dfix)
    _dfix                                    0x08004ac5   Thumb Code    94  dfix.o(x$fpl$dfix)
    __aeabi_d2uiz                            0x08004b25   Thumb Code     0  dfixu.o(x$fpl$dfixu)
    _dfixu                                   0x08004b25   Thumb Code    90  dfixu.o(x$fpl$dfixu)
    __aeabi_i2d                              0x08004b7f   Thumb Code     0  dflt_clz.o(x$fpl$dflt)
    _dflt                                    0x08004b7f   Thumb Code    46  dflt_clz.o(x$fpl$dflt)
    __aeabi_cdcmple                          0x08004bad   Thumb Code     0  dleqf.o(x$fpl$dleqf)
    _dcmple                                  0x08004bad   Thumb Code   120  dleqf.o(x$fpl$dleqf)
    __fpl_dcmple_InfNaN                      0x08004c0f   Thumb Code     0  dleqf.o(x$fpl$dleqf)
    __aeabi_dmul                             0x08004c25   Thumb Code     0  dmul.o(x$fpl$dmul)
    _dmul                                    0x08004c25   Thumb Code   332  dmul.o(x$fpl$dmul)
    __fpl_dnaninf                            0x08004d79   Thumb Code   156  dnaninf.o(x$fpl$dnaninf)
    __fpl_dretinf                            0x08004e15   Thumb Code    12  dretinf.o(x$fpl$dretinf)
    __aeabi_cdrcmple                         0x08004e21   Thumb Code     0  drleqf.o(x$fpl$drleqf)
    _drcmple                                 0x08004e21   Thumb Code   108  drleqf.o(x$fpl$drleqf)
    __aeabi_drsub                            0x08004e8d   Thumb Code     0  daddsub_clz.o(x$fpl$drsb)
    _drsb                                    0x08004e8d   Thumb Code    22  daddsub_clz.o(x$fpl$drsb)
    _dsqrt                                   0x08004ea5   Thumb Code   456  dsqrt_noumaal.o(x$fpl$dsqrt)
    __aeabi_dsub                             0x08005071   Thumb Code     0  daddsub_clz.o(x$fpl$dsub)
    _dsub                                    0x08005071   Thumb Code   464  daddsub_clz.o(x$fpl$dsub)
    __aeabi_f2d                              0x08005245   Thumb Code     0  f2d.o(x$fpl$f2d)
    _f2d                                     0x08005245   Thumb Code    86  f2d.o(x$fpl$f2d)
    __aeabi_fdiv                             0x0800529d   Thumb Code     0  fdiv.o(x$fpl$fdiv)
    _fdiv                                    0x0800529d   Thumb Code   384  fdiv.o(x$fpl$fdiv)
    __aeabi_i2f                              0x08005421   Thumb Code     0  fflt_clz.o(x$fpl$fflt)
    _fflt                                    0x08005421   Thumb Code    48  fflt_clz.o(x$fpl$fflt)
    __fpl_fnaninf                            0x08005451   Thumb Code   140  fnaninf.o(x$fpl$fnaninf)
    __fpl_fretinf                            0x080054dd   Thumb Code    10  fretinf.o(x$fpl$fretinf)
    __ieee_status                            0x080054e7   Thumb Code     6  istatus.o(x$fpl$ieeestatus)
    __fpl_return_NaN                         0x080054ed   Thumb Code   100  retnan.o(x$fpl$retnan)
    __ARM_scalbn                             0x08005551   Thumb Code    92  scalbn.o(x$fpl$scalbn)
    _scanf_real                              0x080055ad   Thumb Code     4  scanf1.o(x$fpl$scanf1)
    _scanf_hex_real                          0x080055b1   Thumb Code     4  scanf2.o(x$fpl$scanf2)
    _scanf_infnan                            0x080055b5   Thumb Code     4  scanf2.o(x$fpl$scanf2)
    __fpl_cmpreturn                          0x080055b9   Thumb Code    48  trapv.o(x$fpl$trapveneer)
    __I$use$fp                               0x080055e8   Number         0  usenofp.o(x$fpl$usenofp)
    __mathlib_zero                           0x08005670   Data           8  qnan.o(.constdata)
    Region$$Table$$Base                      0x0800570c   Number         0  anon$$obj.o(Region$$Table)
    Region$$Table$$Limit                     0x0800572c   Number         0  anon$$obj.o(Region$$Table)
    __aeabi_HUGE_VAL                         0x0800572c   Data           0  fpconst.o(c$$dinf)
    __aeabi_HUGE_VALL                        0x0800572c   Data           0  fpconst.o(c$$dinf)
    __aeabi_INFINITY                         0x0800572c   Data           0  fpconst.o(c$$dinf)
    __dInf                                   0x0800572c   Data           0  fpconst.o(c$$dinf)
    __huge_val                               0x0800572c   Data           0  fpconst.o(c$$dinf)
    __dbl_max                                0x08005734   Data           0  fpconst.o(c$$dmax)
    __ctype                                  0x08005765   Data           0  lc_ctype_c.o(locale$$data)
    Message                                  0x20000000   Data           4  main.o(.data)
    SystemCoreClock                          0x20000004   Data           4  system_stm32f10x.o(.data)
    AHBPrescTable                            0x20000008   Data          16  system_stm32f10x.o(.data)
    runtimes                                 0x20000018   Data           4  system.o(.data)
    SysTickms                                0x2000001c   Data           4  system.o(.data)
    LPS22HB_str                              0x20000038   Data           6  barometer.o(.data)
    spi_temp                                 0x2000003e   Data           6  barometer.o(.data)
    GPS_RecDataIndex                         0x20000044   Data           1  gps.o(.data)
    GPS_RecDataIndex_Old                     0x20000045   Data           1  gps.o(.data)
    ubx_open                                 0x20000046   Data          28  gps.o(.data)
    ubx_version                              0x20000062   Data          28  gps.o(.data)
    ubx_gps_db                               0x2000007e   Data          52  gps.o(.data)
    ubx_gps                                  0x200000b2   Data          52  gps.o(.data)
    ubx_db                                   0x200000e6   Data          52  gps.o(.data)
    ubx_SOL                                  0x2000011a   Data          16  gps.o(.data)
    ubx_VELNED                               0x2000012a   Data          16  gps.o(.data)
    ubx_POSLLH                               0x2000013a   Data          16  gps.o(.data)
    ubx_rate                                 0x2000014a   Data          14  gps.o(.data)
    ubx_mode                                 0x20000158   Data          44  gps.o(.data)
    ubx_band                                 0x20000184   Data          37  gps.o(.data)
    barometer_str                            0x200001ac   Data          12  barometer.o(.bss)
    compass_str1                             0x200001b8   Data          12  compass.o(.bss)
    compass_str2                             0x200001c4   Data          12  compass.o(.bss)
    GPS_ReceiveBuffer                        0x200001d0   Data         256  gps.o(.bss)
    m_GPS_RawData                            0x200002d0   Data          32  gps.o(.bss)
    m_GPS_Data                               0x200002f0   Data          24  gps.o(.bss)
    __libspace_start                         0x20000308   Data          96  libspace.o(.bss)
    __temporary_stack_top$libspace           0x20000368   Data           0  libspace.o(.bss)



==============================================================================

Memory Map of the image

  Image Entry point : 0x080000ed

  Load Region LR_IROM1 (Base: 0x08000000, Size: 0x00005a14, Max: 0x00010000, ABSOLUTE, COMPRESSED[0x00005930])

    Execution Region ER_IROM1 (Exec base: 0x08000000, Load base: 0x08000000, Size: 0x00005868, Max: 0x00010000, ABSOLUTE)

    Exec Addr    Load Addr    Size         Type   Attr      Idx    E Section Name        Object

    0x08000000   0x08000000   0x000000ec   Data   RO          628    RESET               startup_stm32f10x_ld.o
    0x080000ec   0x080000ec   0x00000008   Code   RO         3812  * !!!main             c_w.l(__main.o)
    0x080000f4   0x080000f4   0x00000034   Code   RO         4178    !!!scatter          c_w.l(__scatter.o)
    0x08000128   0x08000128   0x0000005a   Code   RO         4176    !!dczerorl2         c_w.l(__dczerorl2.o)
    0x08000182   0x08000182   0x00000002   PAD
    0x08000184   0x08000184   0x0000001c   Code   RO         4180    !!handler_zi        c_w.l(__scatter_zi.o)
    0x080001a0   0x080001a0   0x00000002   Code   RO         4018    .ARM.Collect$$libinit$$00000000  c_w.l(libinit.o)
    0x080001a2   0x080001a2   0x00000000   Code   RO         4020    .ARM.Collect$$libinit$$00000002  c_w.l(libinit2.o)
    0x080001a2   0x080001a2   0x00000000   Code   RO         4022    .ARM.Collect$$libinit$$00000004  c_w.l(libinit2.o)
    0x080001a2   0x080001a2   0x00000000   Code   RO         4025    .ARM.Collect$$libinit$$0000000A  c_w.l(libinit2.o)
    0x080001a2   0x080001a2   0x00000000   Code   RO         4027    .ARM.Collect$$libinit$$0000000C  c_w.l(libinit2.o)
    0x080001a2   0x080001a2   0x00000000   Code   RO         4029    .ARM.Collect$$libinit$$0000000E  c_w.l(libinit2.o)
    0x080001a2   0x080001a2   0x00000006   Code   RO         4030    .ARM.Collect$$libinit$$0000000F  c_w.l(libinit2.o)
    0x080001a8   0x080001a8   0x00000000   Code   RO         4032    .ARM.Collect$$libinit$$00000011  c_w.l(libinit2.o)
    0x080001a8   0x080001a8   0x0000000c   Code   RO         4033    .ARM.Collect$$libinit$$00000012  c_w.l(libinit2.o)
    0x080001b4   0x080001b4   0x00000000   Code   RO         4034    .ARM.Collect$$libinit$$00000013  c_w.l(libinit2.o)
    0x080001b4   0x080001b4   0x00000000   Code   RO         4036    .ARM.Collect$$libinit$$00000015  c_w.l(libinit2.o)
    0x080001b4   0x080001b4   0x0000000a   Code   RO         4037    .ARM.Collect$$libinit$$00000016  c_w.l(libinit2.o)
    0x080001be   0x080001be   0x00000000   Code   RO         4038    .ARM.Collect$$libinit$$00000017  c_w.l(libinit2.o)
    0x080001be   0x080001be   0x00000000   Code   RO         4040    .ARM.Collect$$libinit$$00000019  c_w.l(libinit2.o)
    0x080001be   0x080001be   0x00000000   Code   RO         4042    .ARM.Collect$$libinit$$0000001B  c_w.l(libinit2.o)
    0x080001be   0x080001be   0x00000000   Code   RO         4044    .ARM.Collect$$libinit$$0000001D  c_w.l(libinit2.o)
    0x080001be   0x080001be   0x00000000   Code   RO         4046    .ARM.Collect$$libinit$$0000001F  c_w.l(libinit2.o)
    0x080001be   0x080001be   0x00000000   Code   RO         4048    .ARM.Collect$$libinit$$00000021  c_w.l(libinit2.o)
    0x080001be   0x080001be   0x00000000   Code   RO         4050    .ARM.Collect$$libinit$$00000023  c_w.l(libinit2.o)
    0x080001be   0x080001be   0x00000000   Code   RO         4052    .ARM.Collect$$libinit$$00000025  c_w.l(libinit2.o)
    0x080001be   0x080001be   0x00000000   Code   RO         4056    .ARM.Collect$$libinit$$0000002C  c_w.l(libinit2.o)
    0x080001be   0x080001be   0x00000000   Code   RO         4058    .ARM.Collect$$libinit$$0000002E  c_w.l(libinit2.o)
    0x080001be   0x080001be   0x00000000   Code   RO         4060    .ARM.Collect$$libinit$$00000030  c_w.l(libinit2.o)
    0x080001be   0x080001be   0x00000000   Code   RO         4062    .ARM.Collect$$libinit$$00000032  c_w.l(libinit2.o)
    0x080001be   0x080001be   0x00000002   Code   RO         4063    .ARM.Collect$$libinit$$00000033  c_w.l(libinit2.o)
    0x080001c0   0x080001c0   0x00000002   Code   RO         4124    .ARM.Collect$$libshutdown$$00000000  c_w.l(libshutdown.o)
    0x080001c2   0x080001c2   0x00000000   Code   RO         4135    .ARM.Collect$$libshutdown$$00000002  c_w.l(libshutdown2.o)
    0x080001c2   0x080001c2   0x00000000   Code   RO         4137    .ARM.Collect$$libshutdown$$00000004  c_w.l(libshutdown2.o)
    0x080001c2   0x080001c2   0x00000000   Code   RO         4140    .ARM.Collect$$libshutdown$$00000007  c_w.l(libshutdown2.o)
    0x080001c2   0x080001c2   0x00000000   Code   RO         4143    .ARM.Collect$$libshutdown$$0000000A  c_w.l(libshutdown2.o)
    0x080001c2   0x080001c2   0x00000000   Code   RO         4145    .ARM.Collect$$libshutdown$$0000000C  c_w.l(libshutdown2.o)
    0x080001c2   0x080001c2   0x00000000   Code   RO         4148    .ARM.Collect$$libshutdown$$0000000F  c_w.l(libshutdown2.o)
    0x080001c2   0x080001c2   0x00000002   Code   RO         4149    .ARM.Collect$$libshutdown$$00000010  c_w.l(libshutdown2.o)
    0x080001c4   0x080001c4   0x00000000   Code   RO         3864    .ARM.Collect$$rtentry$$00000000  c_w.l(__rtentry.o)
    0x080001c4   0x080001c4   0x00000000   Code   RO         3918    .ARM.Collect$$rtentry$$00000002  c_w.l(__rtentry2.o)
    0x080001c4   0x080001c4   0x00000006   Code   RO         3930    .ARM.Collect$$rtentry$$00000004  c_w.l(__rtentry4.o)
    0x080001ca   0x080001ca   0x00000000   Code   RO         3920    .ARM.Collect$$rtentry$$00000009  c_w.l(__rtentry2.o)
    0x080001ca   0x080001ca   0x00000004   Code   RO         3921    .ARM.Collect$$rtentry$$0000000A  c_w.l(__rtentry2.o)
    0x080001ce   0x080001ce   0x00000000   Code   RO         3923    .ARM.Collect$$rtentry$$0000000C  c_w.l(__rtentry2.o)
    0x080001ce   0x080001ce   0x00000008   Code   RO         3924    .ARM.Collect$$rtentry$$0000000D  c_w.l(__rtentry2.o)
    0x080001d6   0x080001d6   0x00000002   Code   RO         4076    .ARM.Collect$$rtexit$$00000000  c_w.l(rtexit.o)
    0x080001d8   0x080001d8   0x00000000   Code   RO         4102    .ARM.Collect$$rtexit$$00000002  c_w.l(rtexit2.o)
    0x080001d8   0x080001d8   0x00000004   Code   RO         4103    .ARM.Collect$$rtexit$$00000003  c_w.l(rtexit2.o)
    0x080001dc   0x080001dc   0x00000006   Code   RO         4104    .ARM.Collect$$rtexit$$00000004  c_w.l(rtexit2.o)
    0x080001e2   0x080001e2   0x00000002   PAD
    0x080001e4   0x080001e4   0x00000040   Code   RO          629    .text               startup_stm32f10x_ld.o
    0x08000224   0x08000224   0x0000003c   Code   RO         3802    .text               c_w.l(__0sscanf.o)
    0x08000260   0x08000260   0x0000014c   Code   RO         3804    .text               c_w.l(_scanf_int.o)
    0x080003ac   0x080003ac   0x00000096   Code   RO         3806    .text               c_w.l(strncmp.o)
    0x08000442   0x08000442   0x0000004e   Code   RO         3808    .text               c_w.l(rt_memclr_w.o)
    0x08000490   0x08000490   0x00000006   Code   RO         3810    .text               c_w.l(heapauxi.o)
    0x08000496   0x08000496   0x00000016   Code   RO         3865    .text               c_w.l(_rserrno.o)
    0x080004ac   0x080004ac   0x0000001c   Code   RO         3867    .text               c_w.l(_chval.o)
    0x080004c8   0x080004c8   0x000004f8   Code   RO         3869    .text               c_w.l(scanf_fp.o)
    0x080009c0   0x080009c0   0x0000002c   Code   RO         3873    .text               c_w.l(scanf_char.o)
    0x080009ec   0x080009ec   0x00000040   Code   RO         3875    .text               c_w.l(_sgetc.o)
    0x08000a2c   0x08000a2c   0x00000008   Code   RO         3935    .text               c_w.l(rt_locale_intlibspace.o)
    0x08000a34   0x08000a34   0x00000008   Code   RO         3940    .text               c_w.l(rt_errno_addr_intlibspace.o)
    0x08000a3c   0x08000a3c   0x00000012   Code   RO         3942    .text               c_w.l(isspace.o)
    0x08000a4e   0x08000a4e   0x00000002   PAD
    0x08000a50   0x08000a50   0x00000374   Code   RO         3944    .text               c_w.l(_scanf.o)
    0x08000dc4   0x08000dc4   0x000000e4   Code   RO         3946    .text               c_w.l(bigflt0.o)
    0x08000ea8   0x08000ea8   0x00000008   Code   RO         3998    .text               c_w.l(libspace.o)
    0x08000eb0   0x08000eb0   0x0000004a   Code   RO         4001    .text               c_w.l(sys_stackheap_outer.o)
    0x08000efa   0x08000efa   0x00000002   PAD
    0x08000efc   0x08000efc   0x00000010   Code   RO         4003    .text               c_w.l(rt_ctype_table.o)
    0x08000f0c   0x08000f0c   0x00000320   Code   RO         4005    .text               c_w.l(scanf_hexfp.o)
    0x0800122c   0x0800122c   0x00000134   Code   RO         4007    .text               c_w.l(scanf_infnan.o)
    0x08001360   0x08001360   0x00000012   Code   RO         4009    .text               c_w.l(exit.o)
    0x08001372   0x08001372   0x00000002   PAD
    0x08001374   0x08001374   0x00000080   Code   RO         4011    .text               c_w.l(strcmpv7m.o)
    0x080013f4   0x080013f4   0x00000026   Code   RO         4078    .text               c_w.l(llshl.o)
    0x0800141a   0x0800141a   0x00000002   PAD
    0x0800141c   0x0800141c   0x0000000c   Code   RO         4114    .text               c_w.l(sys_exit.o)
    0x08001428   0x08001428   0x00000002   Code   RO         4125    .text               c_w.l(use_no_semi.o)
    0x0800142a   0x0800142a   0x00000000   Code   RO         4127    .text               c_w.l(indicate_semi.o)
    0x0800142a   0x0800142a   0x00000338   Code   RO         3959    CL$$btod_div_common  c_w.l(btod.o)
    0x08001762   0x08001762   0x00000002   PAD
    0x08001764   0x08001764   0x00000084   Code   RO         3957    CL$$btod_e2d        c_w.l(btod.o)
    0x080017e8   0x080017e8   0x000000dc   Code   RO         3956    CL$$btod_e2e        c_w.l(btod.o)
    0x080018c4   0x080018c4   0x0000002a   Code   RO         3953    CL$$btod_ediv       c_w.l(btod.o)
    0x080018ee   0x080018ee   0x0000002a   Code   RO         3955    CL$$btod_edivd      c_w.l(btod.o)
    0x08001918   0x08001918   0x0000002a   Code   RO         3952    CL$$btod_emul       c_w.l(btod.o)
    0x08001942   0x08001942   0x0000002a   Code   RO         3954    CL$$btod_emuld      c_w.l(btod.o)
    0x0800196c   0x0800196c   0x00000244   Code   RO         3958    CL$$btod_mult_common  c_w.l(btod.o)
    0x08001bb0   0x08001bb0   0x000000c0   Code   RO         3699    i.BAROMETER_Handle  barometer.o
    0x08001c70   0x08001c70   0x00000004   Code   RO          160    i.BusFault_Handler  stm32f10x_it.o
    0x08001c74   0x08001c74   0x0000006c   Code   RO          553    i.CAN1_Send_Msg     can.o
    0x08001ce0   0x08001ce0   0x00000108   Code   RO         1001    i.CAN_FilterInit    stm32f10x_can.o
    0x08001de8   0x08001de8   0x00000114   Code   RO         1008    i.CAN_Init          stm32f10x_can.o
    0x08001efc   0x08001efc   0x00000126   Code   RO         1016    i.CAN_Transmit      stm32f10x_can.o
    0x08002022   0x08002022   0x00000002   PAD
    0x08002024   0x08002024   0x000000a0   Code   RO         1017    i.CAN_TransmitStatus  stm32f10x_can.o
    0x080020c4   0x080020c4   0x00000054   Code   RO         3765    i.Convert_DDMM_to_DD  gps.o
    0x08002118   0x08002118   0x00000002   Code   RO          161    i.DebugMon_Handler  stm32f10x_it.o
    0x0800211a   0x0800211a   0x00000116   Code   RO         1810    i.GPIO_Init         stm32f10x_gpio.o
    0x08002230   0x08002230   0x00000090   Code   RO         1812    i.GPIO_PinRemapConfig  stm32f10x_gpio.o
    0x080022c0   0x080022c0   0x00000012   Code   RO         1814    i.GPIO_ReadInputDataBit  stm32f10x_gpio.o
    0x080022d2   0x080022d2   0x00000004   Code   RO         1817    i.GPIO_ResetBits    stm32f10x_gpio.o
    0x080022d6   0x080022d6   0x00000004   Code   RO         1818    i.GPIO_SetBits      stm32f10x_gpio.o
    0x080022da   0x080022da   0x0000000a   Code   RO         1821    i.GPIO_WriteBit     stm32f10x_gpio.o
    0x080022e4   0x080022e4   0x00000174   Code   RO         3766    i.GPS_Handle        gps.o
    0x08002458   0x08002458   0x00000004   Code   RO          162    i.HardFault_Handler  stm32f10x_it.o
    0x0800245c   0x0800245c   0x00000048   Code   RO          373    i.I2C2_Ack          i2c2.o
    0x080024a4   0x080024a4   0x00000044   Code   RO          374    i.I2C2_NAck         i2c2.o
    0x080024e8   0x080024e8   0x00000078   Code   RO          376    i.I2C2_ReadByte     i2c2.o
    0x08002560   0x08002560   0x00000030   Code   RO          377    i.I2C2_SDAMode      i2c2.o
    0x08002590   0x08002590   0x00000044   Code   RO          378    i.I2C2_Start        i2c2.o
    0x080025d4   0x080025d4   0x00000038   Code   RO          379    i.I2C2_Stop         i2c2.o
    0x0800260c   0x0800260c   0x00000048   Code   RO          380    i.I2C2_WaitForAck   i2c2.o
    0x08002654   0x08002654   0x00000074   Code   RO          382    i.I2C2_WriteByte    i2c2.o
    0x080026c8   0x080026c8   0x00000024   Code   RO          383    i.I2C2_WriteOneByte  i2c2.o
    0x080026ec   0x080026ec   0x00000048   Code   RO          276    i.I2C_Ack           i2c1.o
    0x08002734   0x08002734   0x00000044   Code   RO          277    i.I2C_NAck          i2c1.o
    0x08002778   0x08002778   0x00000078   Code   RO          279    i.I2C_ReadByte      i2c1.o
    0x080027f0   0x080027f0   0x00000030   Code   RO          281    i.I2C_SDAMode       i2c1.o
    0x08002820   0x08002820   0x00000044   Code   RO          282    i.I2C_Start         i2c1.o
    0x08002864   0x08002864   0x00000038   Code   RO          283    i.I2C_Stop          i2c1.o
    0x0800289c   0x0800289c   0x00000048   Code   RO          284    i.I2C_WaitForAck    i2c1.o
    0x080028e4   0x080028e4   0x00000074   Code   RO          286    i.I2C_WriteByte     i2c1.o
    0x08002958   0x08002958   0x00000024   Code   RO          287    i.I2C_WriteOneByte  i2c1.o
    0x0800297c   0x0800297c   0x00000050   Code   RO          581    i.Init_Devices      system.o
    0x080029cc   0x080029cc   0x00000048   Code   RO          462    i.LPS22HB_SPIx_Reads  spi.o
    0x08002a14   0x08002a14   0x00000030   Code   RO          463    i.LPS22HB_SPIx_Write  spi.o
    0x08002a44   0x08002a44   0x0000002c   Code   RO          582    i.Led_Init          system.o
    0x08002a70   0x08002a70   0x00000004   Code   RO          163    i.MemManage_Handler  stm32f10x_it.o
    0x08002a74   0x08002a74   0x00000050   Code   RO          384    i.Multiple2_Read_QMC5883  i2c2.o
    0x08002ac4   0x08002ac4   0x00000050   Code   RO          288    i.Multiple_Read_QMC5883  i2c1.o
    0x08002b14   0x08002b14   0x00000002   Code   RO          164    i.NMI_Handler       stm32f10x_it.o
    0x08002b16   0x08002b16   0x0000000c   Code   RO          583    i.NVIC_Configuration  system.o
    0x08002b22   0x08002b22   0x00000002   PAD
    0x08002b24   0x08002b24   0x00000070   Code   RO          633    i.NVIC_Init         misc.o
    0x08002b94   0x08002b94   0x00000014   Code   RO          634    i.NVIC_PriorityGroupConfig  misc.o
    0x08002ba8   0x08002ba8   0x00000002   Code   RO          165    i.PendSV_Handler    stm32f10x_it.o
    0x08002baa   0x08002baa   0x00000002   PAD
    0x08002bac   0x08002bac   0x00000104   Code   RO         3725    i.QMC_Handle        compass.o
    0x08002cb0   0x08002cb0   0x00000020   Code   RO         2226    i.RCC_APB1PeriphClockCmd  stm32f10x_rcc.o
    0x08002cd0   0x08002cd0   0x00000020   Code   RO         2228    i.RCC_APB2PeriphClockCmd  stm32f10x_rcc.o
    0x08002cf0   0x08002cf0   0x000000d4   Code   RO         2236    i.RCC_GetClocksFreq  stm32f10x_rcc.o
    0x08002dc4   0x08002dc4   0x00000054   Code   RO          465    i.SPI2_ReadWriteByte  spi.o
    0x08002e18   0x08002e18   0x00000018   Code   RO         2705    i.SPI_Cmd           stm32f10x_spi.o
    0x08002e30   0x08002e30   0x00000012   Code   RO         2713    i.SPI_I2S_GetFlagStatus  stm32f10x_spi.o
    0x08002e42   0x08002e42   0x00000006   Code   RO         2716    i.SPI_I2S_ReceiveData  stm32f10x_spi.o
    0x08002e48   0x08002e48   0x00000004   Code   RO         2717    i.SPI_I2S_SendData  stm32f10x_spi.o
    0x08002e4c   0x08002e4c   0x0000003c   Code   RO         2718    i.SPI_Init          stm32f10x_spi.o
    0x08002e88   0x08002e88   0x00000002   Code   RO          166    i.SVC_Handler       stm32f10x_it.o
    0x08002e8a   0x08002e8a   0x00000008   Code   RO          242    i.SetSysClock       system_stm32f10x.o
    0x08002e92   0x08002e92   0x00000002   PAD
    0x08002e94   0x08002e94   0x000000e0   Code   RO          243    i.SetSysClockTo72   system_stm32f10x.o
    0x08002f74   0x08002f74   0x00000028   Code   RO          637    i.SysTick_CLKSourceConfig  misc.o
    0x08002f9c   0x08002f9c   0x00000020   Code   RO          167    i.SysTick_Handler   stm32f10x_it.o
    0x08002fbc   0x08002fbc   0x00000060   Code   RO          245    i.SystemInit        system_stm32f10x.o
    0x0800301c   0x0800301c   0x00000050   Code   RO          168    i.USART1_IRQHandler  stm32f10x_it.o
    0x0800306c   0x0800306c   0x00000030   Code   RO          169    i.USART2_IRQHandler  stm32f10x_it.o
    0x0800309c   0x0800309c   0x0000001e   Code   RO         3393    i.USART_ClearITPendingBit  stm32f10x_usart.o
    0x080030ba   0x080030ba   0x00000018   Code   RO         3396    i.USART_Cmd         stm32f10x_usart.o
    0x080030d2   0x080030d2   0x0000001a   Code   RO         3399    i.USART_GetFlagStatus  stm32f10x_usart.o
    0x080030ec   0x080030ec   0x00000054   Code   RO         3400    i.USART_GetITStatus  stm32f10x_usart.o
    0x08003140   0x08003140   0x0000004a   Code   RO         3402    i.USART_ITConfig    stm32f10x_usart.o
    0x0800318a   0x0800318a   0x00000002   PAD
    0x0800318c   0x0800318c   0x000000d8   Code   RO         3403    i.USART_Init        stm32f10x_usart.o
    0x08003264   0x08003264   0x0000000a   Code   RO         3410    i.USART_ReceiveData  stm32f10x_usart.o
    0x0800326e   0x0800326e   0x00000008   Code   RO         3413    i.USART_SendData    stm32f10x_usart.o
    0x08003276   0x08003276   0x00000004   Code   RO          170    i.UsageFault_Handler  stm32f10x_it.o
    0x0800327a   0x0800327a   0x00000028   Code   RO         3904    i.__ARM_fpclassify  m_ws.l(fpclassify.o)
    0x080032a2   0x080032a2   0x000000aa   Code   RO         3906    i.__kernel_poly     m_ws.l(poly.o)
    0x0800334c   0x0800334c   0x00000010   Code   RO         3890    i.__mathlib_dbl_divzero  m_ws.l(dunder.o)
    0x0800335c   0x0800335c   0x00000004   Code   RO         3892    i.__mathlib_dbl_infnan2  m_ws.l(dunder.o)
    0x08003360   0x08003360   0x0000000c   Code   RO         3893    i.__mathlib_dbl_invalid  m_ws.l(dunder.o)
    0x0800336c   0x0800336c   0x0000000e   Code   RO         3894    i.__mathlib_dbl_overflow  m_ws.l(dunder.o)
    0x0800337a   0x0800337a   0x00000002   PAD
    0x0800337c   0x0800337c   0x00000010   Code   RO         3896    i.__mathlib_dbl_underflow  m_ws.l(dunder.o)
    0x0800338c   0x0800338c   0x00000010   Code   RO         3992    i.__mathlib_narrow  m_ws.l(narrow.o)
    0x0800339c   0x0800339c   0x000000bc   Code   RO         3993    i.__mathlib_tofloat  m_ws.l(narrow.o)
    0x08003458   0x08003458   0x00000016   Code   RO         4090    i.__support_ldexp   m_ws.l(ldexp.o)
    0x0800346e   0x0800346e   0x0000000e   Code   RO         3871    i._is_digit         c_w.l(scanf_fp.o)
    0x0800347c   0x0800347c   0x00000044   Code   RO         3669    i.delay_init        sys.o
    0x080034c0   0x080034c0   0x0000004c   Code   RO         3670    i.delay_ms          sys.o
    0x0800350c   0x0800350c   0x0000004c   Code   RO         3671    i.delay_us          sys.o
    0x08003558   0x08003558   0x00000058   Code   RO         4073    i.frexp             m_ws.l(frexp.o)
    0x080035b0   0x080035b0   0x0000003c   Code   RO         3700    i.init_LPS22HB      barometer.o
    0x080035ec   0x080035ec   0x00000024   Code   RO         3726    i.init_QMC1         compass.o
    0x08003610   0x08003610   0x00000024   Code   RO         3727    i.init_QMC2         compass.o
    0x08003634   0x08003634   0x0000000c   Code   RO         3728    i.init_QMC5883      compass.o
    0x08003640   0x08003640   0x00000090   Code   RO         3767    i.init_UBLOX        gps.o
    0x080036d0   0x080036d0   0x000000d8   Code   RO          555    i.init_can          can.o
    0x080037a8   0x080037a8   0x0000004c   Code   RO          289    i.init_i2c1         i2c1.o
    0x080037f4   0x080037f4   0x0000004c   Code   RO          385    i.init_i2c2         i2c2.o
    0x08003840   0x08003840   0x000000e0   Code   RO          467    i.init_spi2         spi.o
    0x08003920   0x08003920   0x00000074   Code   RO         4091    i.ldexp             m_ws.l(ldexp.o)
    0x08003994   0x08003994   0x00000028   Code   RO            1    i.main              main.o
    0x080039bc   0x080039bc   0x000009d8   Code   RO         3855    i.pow               m_ws.l(pow.o)
    0x08004394   0x08004394   0x0000004c   Code   RO         3910    i.sqrt              m_ws.l(sqrt.o)
    0x080043e0   0x080043e0   0x000000a8   Code   RO          513    i.usart1_init       usart.o
    0x08004488   0x08004488   0x00000020   Code   RO          514    i.usart1_send       usart.o
    0x080044a8   0x080044a8   0x0000001e   Code   RO          515    i.usart1_send_str   usart.o
    0x080044c6   0x080044c6   0x00000002   PAD
    0x080044c8   0x080044c8   0x000000a0   Code   RO          516    i.usart2_init       usart.o
    0x08004568   0x08004568   0x0000002c   Code   RO         3972    locale$$code        c_w.l(lc_numeric_c.o)
    0x08004594   0x08004594   0x0000002c   Code   RO         4081    locale$$code        c_w.l(lc_ctype_c.o)
    0x080045c0   0x080045c0   0x00000062   Code   RO         4064    x$fpl$d2f           fz_ws.l(d2f.o)
    0x08004622   0x08004622   0x00000002   PAD
    0x08004624   0x08004624   0x00000150   Code   RO         3814    x$fpl$dadd          fz_ws.l(daddsub_clz.o)
    0x08004774   0x08004774   0x00000010   Code   RO         3974    x$fpl$dcheck1       fz_ws.l(dcheck1.o)
    0x08004784   0x08004784   0x00000018   Code   RO         4066    x$fpl$dcmpinf       fz_ws.l(dcmpi.o)
    0x0800479c   0x0800479c   0x000002b0   Code   RO         3821    x$fpl$ddiv          fz_ws.l(ddiv.o)
    0x08004a4c   0x08004a4c   0x00000078   Code   RO         4068    x$fpl$deqf          fz_ws.l(deqf.o)
    0x08004ac4   0x08004ac4   0x0000005e   Code   RO         3824    x$fpl$dfix          fz_ws.l(dfix.o)
    0x08004b22   0x08004b22   0x00000002   PAD
    0x08004b24   0x08004b24   0x0000005a   Code   RO         3828    x$fpl$dfixu         fz_ws.l(dfixu.o)
    0x08004b7e   0x08004b7e   0x0000002e   Code   RO         3833    x$fpl$dflt          fz_ws.l(dflt_clz.o)
    0x08004bac   0x08004bac   0x00000078   Code   RO         3976    x$fpl$dleqf         fz_ws.l(dleqf.o)
    0x08004c24   0x08004c24   0x00000154   Code   RO         3838    x$fpl$dmul          fz_ws.l(dmul.o)
    0x08004d78   0x08004d78   0x0000009c   Code   RO         3877    x$fpl$dnaninf       fz_ws.l(dnaninf.o)
    0x08004e14   0x08004e14   0x0000000c   Code   RO         3879    x$fpl$dretinf       fz_ws.l(dretinf.o)
    0x08004e20   0x08004e20   0x0000006c   Code   RO         3881    x$fpl$drleqf        fz_ws.l(drleqf.o)
    0x08004e8c   0x08004e8c   0x00000016   Code   RO         3815    x$fpl$drsb          fz_ws.l(daddsub_clz.o)
    0x08004ea2   0x08004ea2   0x00000002   PAD
    0x08004ea4   0x08004ea4   0x000001cc   Code   RO         3978    x$fpl$dsqrt         fz_ws.l(dsqrt_noumaal.o)
    0x08005070   0x08005070   0x000001d4   Code   RO         3816    x$fpl$dsub          fz_ws.l(daddsub_clz.o)
    0x08005244   0x08005244   0x00000056   Code   RO         3840    x$fpl$f2d           fz_ws.l(f2d.o)
    0x0800529a   0x0800529a   0x00000002   PAD
    0x0800529c   0x0800529c   0x00000184   Code   RO         3843    x$fpl$fdiv          fz_ws.l(fdiv.o)
    0x08005420   0x08005420   0x00000030   Code   RO         3847    x$fpl$fflt          fz_ws.l(fflt_clz.o)
    0x08005450   0x08005450   0x0000008c   Code   RO         3883    x$fpl$fnaninf       fz_ws.l(fnaninf.o)
    0x080054dc   0x080054dc   0x0000000a   Code   RO         3885    x$fpl$fretinf       fz_ws.l(fretinf.o)
    0x080054e6   0x080054e6   0x00000006   Code   RO         3984    x$fpl$ieeestatus    fz_ws.l(istatus.o)
    0x080054ec   0x080054ec   0x00000064   Code   RO         4070    x$fpl$retnan        fz_ws.l(retnan.o)
    0x08005550   0x08005550   0x0000005c   Code   RO         3887    x$fpl$scalbn        fz_ws.l(scalbn.o)
    0x080055ac   0x080055ac   0x00000004   Code   RO         3852    x$fpl$scanf1        fz_ws.l(scanf1.o)
    0x080055b0   0x080055b0   0x00000008   Code   RO         3986    x$fpl$scanf2        fz_ws.l(scanf2.o)
    0x080055b8   0x080055b8   0x00000030   Code   RO         4087    x$fpl$trapveneer    fz_ws.l(trapv.o)
    0x080055e8   0x080055e8   0x00000000   Code   RO         3889    x$fpl$usenofp       fz_ws.l(usenofp.o)
    0x080055e8   0x080055e8   0x00000088   Data   RO         3856    .constdata          m_ws.l(pow.o)
    0x08005670   0x08005670   0x00000008   Data   RO         3908    .constdata          m_ws.l(qnan.o)
    0x08005678   0x08005678   0x00000094   Data   RO         3947    .constdata          c_w.l(bigflt0.o)
    0x0800570c   0x0800570c   0x00000020   Data   RO         4174    Region$$Table       anon$$obj.o
    0x0800572c   0x0800572c   0x00000008   Data   RO         3980    c$$dinf             fz_ws.l(fpconst.o)
    0x08005734   0x08005734   0x00000008   Data   RO         3983    c$$dmax             fz_ws.l(fpconst.o)
    0x0800573c   0x0800573c   0x0000001c   Data   RO         3971    locale$$data        c_w.l(lc_numeric_c.o)
    0x08005758   0x08005758   0x00000110   Data   RO         4080    locale$$data        c_w.l(lc_ctype_c.o)


    Execution Region RW_IRAM1 (Exec base: 0x20000000, Load base: 0x08005868, Size: 0x00000968, Max: 0x00005000, ABSOLUTE, COMPRESSED[0x000000c8])

    Exec Addr    Load Addr    Size         Type   Attr      Idx    E Section Name        Object

    0x20000000   COMPRESSED   0x00000004   Data   RW            2    .data               main.o
    0x20000004   COMPRESSED   0x00000014   Data   RW          246    .data               system_stm32f10x.o
    0x20000018   COMPRESSED   0x00000008   Data   RW          584    .data               system.o
    0x20000020   COMPRESSED   0x00000014   Data   RW         2256    .data               stm32f10x_rcc.o
    0x20000034   COMPRESSED   0x00000004   Data   RW         3672    .data               sys.o
    0x20000038   COMPRESSED   0x0000000c   Data   RW         3702    .data               barometer.o
    0x20000044   COMPRESSED   0x00000165   Data   RW         3769    .data               gps.o
    0x200001a9   COMPRESSED   0x00000003   PAD
    0x200001ac        -       0x0000000c   Zero   RW         3701    .bss                barometer.o
    0x200001b8        -       0x00000018   Zero   RW         3729    .bss                compass.o
    0x200001d0        -       0x00000138   Zero   RW         3768    .bss                gps.o
    0x20000308        -       0x00000060   Zero   RW         3999    .bss                c_w.l(libspace.o)
    0x20000368        -       0x00000200   Zero   RW          627    HEAP                startup_stm32f10x_ld.o
    0x20000568        -       0x00000400   Zero   RW          626    STACK               startup_stm32f10x_ld.o


==============================================================================

Image component sizes


      Code (inc. data)   RO Data    RW Data    ZI Data      Debug   Object Name

       252         36          0         12         12       1547   barometer.o
       324         12          0          0          0       1931   can.o
       344          8          0          0         24       3540   compass.o
         0          0          0          0          0         32   core_cm3.o
         0          0          0          0          0       1028   delay.o
       600        136          0        357        312       3306   gps.o
       812         52          0          0          0       5173   i2c1.o
       812         52          0          0          0       5199   i2c2.o
        40          6          0          4          0     246865   main.o
       172         22          0          0          0     213497   misc.o
       428         26          0          0          0       2683   spi.o
        64         26        236          0       1536        756   startup_stm32f10x_ld.o
       994         28          0          0          0       3736   stm32f10x_can.o
       458          6          0          0          0       4866   stm32f10x_gpio.o
       184         26          0          0          0       4318   stm32f10x_it.o
       276         32          0         20          0       4318   stm32f10x_rcc.o
       112          0          0          0          0       3674   stm32f10x_spi.o
       472          6          0          0          0       6511   stm32f10x_usart.o
       220         26          0          4          0       1471   sys.o
       136          4          0          8          0       1492   system.o
       328         28          0         20          0       2049   system_stm32f10x.o
       390         20          0          0          0       2280   usart.o

    ----------------------------------------------------------------------
      7430        552        268        428       1884     520272   Object Totals
         0          0         32          0          0          0   (incl. Generated)
        12          0          0          3          0          0   (incl. Padding)

    ----------------------------------------------------------------------

      Code (inc. data)   RO Data    RW Data    ZI Data      Debug   Library Member Name

        60          8          0          0          0         84   __0sscanf.o
        90          0          0          0          0          0   __dczerorl2.o
         8          0          0          0          0         68   __main.o
         0          0          0          0          0          0   __rtentry.o
        12          0          0          0          0          0   __rtentry2.o
         6          0          0          0          0          0   __rtentry4.o
        52          8          0          0          0          0   __scatter.o
        28          0          0          0          0          0   __scatter_zi.o
        28          0          0          0          0         68   _chval.o
        22          0          0          0          0        100   _rserrno.o
       884          6          0          0          0        100   _scanf.o
       332          0          0          0          0         96   _scanf_int.o
        64          0          0          0          0         84   _sgetc.o
       228          4        148          0          0         96   bigflt0.o
      1924        136          0          0          0        756   btod.o
        18          0          0          0          0         80   exit.o
         6          0          0          0          0        152   heapauxi.o
         0          0          0          0          0          0   indicate_semi.o
        18          0          0          0          0         76   isspace.o
        44         10        272          0          0         76   lc_ctype_c.o
        44         10         28          0          0         76   lc_numeric_c.o
         2          0          0          0          0          0   libinit.o
        30          0          0          0          0          0   libinit2.o
         2          0          0          0          0          0   libshutdown.o
         2          0          0          0          0          0   libshutdown2.o
         8          4          0          0         96         68   libspace.o
        38          0          0          0          0         68   llshl.o
        16          4          0          0          0         76   rt_ctype_table.o
         8          4          0          0          0         68   rt_errno_addr_intlibspace.o
         8          4          0          0          0         68   rt_locale_intlibspace.o
        78          0          0          0          0         80   rt_memclr_w.o
         2          0          0          0          0          0   rtexit.o
        10          0          0          0          0          0   rtexit2.o
        44          8          0          0          0         84   scanf_char.o
      1286         16          0          0          0        236   scanf_fp.o
       800         14          0          0          0        100   scanf_hexfp.o
       308         16          0          0          0        100   scanf_infnan.o
       128          0          0          0          0         68   strcmpv7m.o
       150          0          0          0          0         80   strncmp.o
        12          4          0          0          0         68   sys_exit.o
        74          0          0          0          0         80   sys_stackheap_outer.o
         2          0          0          0          0         68   use_no_semi.o
        98          4          0          0          0         92   d2f.o
       826         16          0          0          0        348   daddsub_clz.o
        16          4          0          0          0         68   dcheck1.o
        24          0          0          0          0         68   dcmpi.o
       688        140          0          0          0        208   ddiv.o
       120          4          0          0          0         92   deqf.o
        94          4          0          0          0         92   dfix.o
        90          4          0          0          0         92   dfixu.o
        46          0          0          0          0         68   dflt_clz.o
       120          4          0          0          0         92   dleqf.o
       340         12          0          0          0        104   dmul.o
       156          4          0          0          0         92   dnaninf.o
        12          0          0          0          0         68   dretinf.o
       108          0          0          0          0         80   drleqf.o
       460         56          0          0          0        120   dsqrt_noumaal.o
        86          4          0          0          0         84   f2d.o
       388         76          0          0          0         96   fdiv.o
        48          0          0          0          0         68   fflt_clz.o
       140          4          0          0          0         84   fnaninf.o
         0          0         16          0          0          0   fpconst.o
        10          0          0          0          0         68   fretinf.o
         6          0          0          0          0         68   istatus.o
       100          0          0          0          0         68   retnan.o
        92          0          0          0          0         68   scalbn.o
         4          0          0          0          0         68   scanf1.o
         8          0          0          0          0         84   scanf2.o
        48          0          0          0          0         68   trapv.o
         0          0          0          0          0          0   usenofp.o
        62         10          0          0          0        340   dunder.o
        40          0          0          0          0         68   fpclassify.o
        88          8          0          0          0         76   frexp.o
       138          0          0          0          0        160   ldexp.o
       204          4          0          0          0        168   narrow.o
       170          0          0          0          0         96   poly.o
      2520        190        136          0          0        324   pow.o
         0          0          8          0          0          0   qnan.o
        76          0          0          0          0         84   sqrt.o

    ----------------------------------------------------------------------
     14326        806        608          0         96       7048   Library Totals
        24          2          0          0          0          0   (incl. Padding)

    ----------------------------------------------------------------------

      Code (inc. data)   RO Data    RW Data    ZI Data      Debug   Library Name

      6876        256        448          0         96       3224   c_w.l
      4128        336         16          0          0       2508   fz_ws.l
      3298        212        144          0          0       1316   m_ws.l

    ----------------------------------------------------------------------
     14326        806        608          0         96       7048   Library Totals

    ----------------------------------------------------------------------

==============================================================================


      Code (inc. data)   RO Data    RW Data    ZI Data      Debug   

     21756       1358        876        428       1980     518892   Grand Totals
     21756       1358        876        200       1980     518892   ELF Image Totals (compressed)
     21756       1358        876        200          0          0   ROM Totals

==============================================================================

    Total RO  Size (Code + RO Data)                22632 (  22.10kB)
    Total RW  Size (RW Data + ZI Data)              2408 (   2.35kB)
    Total ROM Size (Code + RO Data + RW Data)      22832 (  22.30kB)

==============================================================================

